Component: ARM Compiler 5.06 update 7 (build 960) Tool: armlink [4d3601]

==============================================================================

Section Cross References

    stm32f4xx_hal.o(i.HAL_DeInit) refers to stm32f4xx_hal.o(i.HAL_MspDeInit) for HAL_MspDeInit
    stm32f4xx_hal.o(i.HAL_Delay) refers to stm32f4xx_hal.o(i.HAL_GetTick) for HAL_GetTick
    stm32f4xx_hal.o(i.HAL_Delay) refers to stm32f4xx_hal.o(.data) for .data
    stm32f4xx_hal.o(i.HAL_GetTick) refers to stm32f4xx_hal.o(.data) for .data
    stm32f4xx_hal.o(i.HAL_GetTickFreq) refers to stm32f4xx_hal.o(.data) for .data
    stm32f4xx_hal.o(i.HAL_GetTickPrio) refers to stm32f4xx_hal.o(.data) for .data
    stm32f4xx_hal.o(i.HAL_IncTick) refers to stm32f4xx_hal.o(.data) for .data
    stm32f4xx_hal.o(i.HAL_Init) refers to stm32f4xx_hal_cortex.o(i.HAL_NVIC_SetPriorityGrouping) for HAL_NVIC_SetPriorityGrouping
    stm32f4xx_hal.o(i.HAL_Init) refers to stm32f4xx_hal.o(i.HAL_InitTick) for HAL_InitTick
    stm32f4xx_hal.o(i.HAL_Init) refers to hal_.o(i.HAL_MspInit) for HAL_MspInit
    stm32f4xx_hal.o(i.HAL_InitTick) refers to stm32f4xx_hal_cortex.o(i.HAL_SYSTICK_Config) for HAL_SYSTICK_Config
    stm32f4xx_hal.o(i.HAL_InitTick) refers to stm32f4xx_hal_cortex.o(i.HAL_NVIC_SetPriority) for HAL_NVIC_SetPriority
    stm32f4xx_hal.o(i.HAL_InitTick) refers to stm32f4xx_hal.o(.data) for .data
    stm32f4xx_hal.o(i.HAL_InitTick) refers to system_stm32f4xx.o(.data) for SystemCoreClock
    stm32f4xx_hal.o(i.HAL_SetTickFreq) refers to stm32f4xx_hal.o(i.HAL_InitTick) for HAL_InitTick
    stm32f4xx_hal.o(i.HAL_SetTickFreq) refers to stm32f4xx_hal.o(.data) for .data
    stm32f4xx_hal.o(.ARM.exidx) refers to stm32f4xx_hal.o(i.HAL_MspInit) for i.HAL_MspInit
    stm32f4xx_hal.o(.ARM.exidx) refers to stm32f4xx_hal.o(i.HAL_InitTick) for i.HAL_InitTick
    stm32f4xx_hal.o(.ARM.exidx) refers to stm32f4xx_hal.o(i.HAL_Init) for i.HAL_Init
    stm32f4xx_hal.o(.ARM.exidx) refers to stm32f4xx_hal.o(i.HAL_MspDeInit) for i.HAL_MspDeInit
    stm32f4xx_hal.o(.ARM.exidx) refers to stm32f4xx_hal.o(i.HAL_DeInit) for i.HAL_DeInit
    stm32f4xx_hal.o(.ARM.exidx) refers to stm32f4xx_hal.o(i.HAL_IncTick) for i.HAL_IncTick
    stm32f4xx_hal.o(.ARM.exidx) refers to stm32f4xx_hal.o(i.HAL_GetTick) for i.HAL_GetTick
    stm32f4xx_hal.o(.ARM.exidx) refers to stm32f4xx_hal.o(i.HAL_GetTickPrio) for i.HAL_GetTickPrio
    stm32f4xx_hal.o(.ARM.exidx) refers to stm32f4xx_hal.o(i.HAL_SetTickFreq) for i.HAL_SetTickFreq
    stm32f4xx_hal.o(.ARM.exidx) refers to stm32f4xx_hal.o(i.HAL_GetTickFreq) for i.HAL_GetTickFreq
    stm32f4xx_hal.o(.ARM.exidx) refers to stm32f4xx_hal.o(i.HAL_Delay) for i.HAL_Delay
    stm32f4xx_hal.o(.ARM.exidx) refers to stm32f4xx_hal.o(i.HAL_SuspendTick) for i.HAL_SuspendTick
    stm32f4xx_hal.o(.ARM.exidx) refers to stm32f4xx_hal.o(i.HAL_ResumeTick) for i.HAL_ResumeTick
    stm32f4xx_hal.o(.ARM.exidx) refers to stm32f4xx_hal.o(i.HAL_GetHalVersion) for i.HAL_GetHalVersion
    stm32f4xx_hal.o(.ARM.exidx) refers to stm32f4xx_hal.o(i.HAL_GetREVID) for i.HAL_GetREVID
    stm32f4xx_hal.o(.ARM.exidx) refers to stm32f4xx_hal.o(i.HAL_GetDEVID) for i.HAL_GetDEVID
    stm32f4xx_hal.o(.ARM.exidx) refers to stm32f4xx_hal.o(i.HAL_DBGMCU_EnableDBGSleepMode) for i.HAL_DBGMCU_EnableDBGSleepMode
    stm32f4xx_hal.o(.ARM.exidx) refers to stm32f4xx_hal.o(i.HAL_DBGMCU_DisableDBGSleepMode) for i.HAL_DBGMCU_DisableDBGSleepMode
    stm32f4xx_hal.o(.ARM.exidx) refers to stm32f4xx_hal.o(i.HAL_DBGMCU_EnableDBGStopMode) for i.HAL_DBGMCU_EnableDBGStopMode
    stm32f4xx_hal.o(.ARM.exidx) refers to stm32f4xx_hal.o(i.HAL_DBGMCU_DisableDBGStopMode) for i.HAL_DBGMCU_DisableDBGStopMode
    stm32f4xx_hal.o(.ARM.exidx) refers to stm32f4xx_hal.o(i.HAL_DBGMCU_EnableDBGStandbyMode) for i.HAL_DBGMCU_EnableDBGStandbyMode
    stm32f4xx_hal.o(.ARM.exidx) refers to stm32f4xx_hal.o(i.HAL_DBGMCU_DisableDBGStandbyMode) for i.HAL_DBGMCU_DisableDBGStandbyMode
    stm32f4xx_hal.o(.ARM.exidx) refers to stm32f4xx_hal.o(i.HAL_EnableCompensationCell) for i.HAL_EnableCompensationCell
    stm32f4xx_hal.o(.ARM.exidx) refers to stm32f4xx_hal.o(i.HAL_DisableCompensationCell) for i.HAL_DisableCompensationCell
    stm32f4xx_hal.o(.ARM.exidx) refers to stm32f4xx_hal.o(i.HAL_GetUIDw0) for i.HAL_GetUIDw0
    stm32f4xx_hal.o(.ARM.exidx) refers to stm32f4xx_hal.o(i.HAL_GetUIDw1) for i.HAL_GetUIDw1
    stm32f4xx_hal.o(.ARM.exidx) refers to stm32f4xx_hal.o(i.HAL_GetUIDw2) for i.HAL_GetUIDw2
    stm32f4xx_hal.o(.ARM.exidx) refers to stm32f4xx_hal.o(i.HAL_EnableMemorySwappingBank) for i.HAL_EnableMemorySwappingBank
    stm32f4xx_hal.o(.ARM.exidx) refers to stm32f4xx_hal.o(i.HAL_DisableMemorySwappingBank) for i.HAL_DisableMemorySwappingBank
    stm32f4xx_hal_cortex.o(i.HAL_SYSTICK_IRQHandler) refers to stm32f4xx_hal_cortex.o(i.HAL_SYSTICK_Callback) for HAL_SYSTICK_Callback
    stm32f4xx_hal_cortex.o(.ARM.exidx) refers to stm32f4xx_hal_cortex.o(i.HAL_NVIC_SetPriorityGrouping) for i.HAL_NVIC_SetPriorityGrouping
[...]
    Removing hal_it.o(.ARM.exidx), (8 bytes).
    Removing hal_it.o(.ARM.exidx), (8 bytes).
    Removing hal_ltdc_.o(.rev16_text), (4 bytes).
    Removing hal_ltdc_.o(.revsh_text), (4 bytes).
    Removing hal_ltdc_.o(.rrx_text), (6 bytes).
    Removing hal_ltdc_.o(i._ZN8HAL_LTDC10SetBuffersEPhS0_), (108 bytes).
    Removing hal_ltdc_.o(.ARM.exidx), (8 bytes).
    Removing hal_ltdc_.o(.ARM.exidx), (8 bytes).
    Removing hal_ltdc_.o(.ARM.exidx), (8 bytes).
    Removing hal_ltdc_.o(.ARM.exidx), (8 bytes).
    Removing hal_pins_.o(.rev16_text), (4 bytes).
    Removing hal_pins_.o(.revsh_text), (4 bytes).
    Removing hal_pins_.o(.rrx_text), (6 bytes).
    Removing hal_pins_.o(i._ZN3Pin3SetEv), (32 bytes).
    Removing hal_pins_.o(i._ZN3Pin4ReadEv), (28 bytes).
    Removing hal_pins_.o(i._ZN3Pin5ResetEv), (32 bytes).
    Removing hal_pins_.o(i._ZN3Pin5WriteEi), (32 bytes).
    Removing hal_pins_.o(i._ZN8HAL_PINS5ADC1_4InitEv), (50 bytes).
    Removing hal_pins_.o(i._ZN8HAL_PINS5DAC2_4InitEv), (26 bytes).
    Removing hal_pins_.o(i._ZN8HAL_PINS5SPI1_4InitEv), (100 bytes).
    Removing hal_pins_.o(i._ZN8HAL_PINS5SPI4_4InitEv), (84 bytes).
    Removing hal_pins_.o(i._ZN8HAL_PINS5SPI5_4InitEv), (98 bytes).
    Removing hal_pins_.o(.ARM.exidx), (8 bytes).
    Removing hal_pins_.o(.ARM.exidx), (8 bytes).
    Removing hal_pins_.o(.ARM.exidx), (8 bytes).
    Removing hal_pins_.o(.ARM.exidx), (8 bytes).
    Removing hal_pins_.o(.ARM.exidx), (8 bytes).
    Removing hal_pins_.o(.ARM.exidx), (8 bytes).
    Removing hal_pins_.o(.ARM.exidx), (8 bytes).
    Removing hal_pins_.o(.ARM.exidx), (8 bytes).
    Removing hal_pins_.o(.ARM.exidx), (8 bytes).
    Removing hal_pins_.o(.ARM.exidx), (8 bytes).
    Removing hal_pins_.o(.ARM.exidx), (8 bytes).
    Removing hal_pins_.o(.ARM.exidx), (8 bytes).
    Removing hal_pins_.o(.ARM.exidx), (8 bytes).
    Removing hal_fmc_.o(.rev16_text), (4 bytes).
    Removing hal_fmc_.o(.revsh_text), (4 bytes).
    Removing hal_fmc_.o(.rrx_text), (6 bytes).
    Removing hal_fmc_.o(i._ZN7HAL_FMC5WriteEPtt), (4 bytes).
    Removing hal_fmc_.o(i._ZN7HAL_FMC7InitRAMEv), (52 bytes).
    Removing hal_fmc_.o(i._ZN7HAL_FMC8InitFPGAEv), (52 bytes).
    Removing hal_fmc_.o(.ARM.exidx), (8 bytes).
    Removing hal_fmc_.o(.ARM.exidx), (8 bytes).
    Removing hal_fmc_.o(.ARM.exidx), (8 bytes).
    Removing hal_fmc_.o(.ARM.exidx), (8 bytes).
    Removing device.o(.ARM.exidx), (8 bytes).
    Removing device.o(.ARM.exidx), (8 bytes).
    Removing device.o(.data), (1 bytes).
    Removing main.o(.rev16_text), (4 bytes).
    Removing main.o(.revsh_text), (4 bytes).
    Removing main.o(.rrx_text), (6 bytes).
    Removing main.o(.ARM.exidx), (8 bytes).
    Removing colors_.o(i._ZN5Color8ContrastERKS_), (12 bytes).
    Removing colors_.o(i._ZN9ColorType13SetBrightnessEf), (84 bytes).
    Removing colors_.o(i._ZN9ColorType13SetBrightnessEv), (56 bytes).
    Removing colors_.o(i._ZN9ColorType15ComponentChangeEi), (2 bytes).
    Removing colors_.o(i._ZN9ColorType16BrightnessChangeEi), (2 bytes).
    Removing colors_.o(i._ZN9ColorType3SetEv), (2 bytes).
    Removing colors_.o(i._ZN9ColorType4InitEv), (2 bytes).
    Removing colors_.o(i._ZN9ColorType9CalcStepsEv), (56 bytes).
    Removing colors_.o(i._ZNK5Color12SetAsCurrentEv), (20 bytes).
    Removing colors_.o(.ARM.exidx), (8 bytes).
    Removing colors_.o(.ARM.exidx), (8 bytes).
    Removing colors_.o(.ARM.exidx), (8 bytes).
    Removing colors_.o(.ARM.exidx), (8 bytes).
    Removing colors_.o(.ARM.exidx), (8 bytes).
    Removing colors_.o(.ARM.exidx), (8 bytes).
    Removing colors_.o(.ARM.exidx), (8 bytes).
    Removing colors_.o(.ARM.exidx), (8 bytes).
    Removing colors_.o(.ARM.exidx), (8 bytes).
    Removing colors_.o(.ARM.exidx), (8 bytes).
    Removing colors_.o(.ARM.exidx), (8 bytes).
    Removing display.o(i._ZN7Display10BeginFrameERK5Color), (16 bytes).
    Removing display.o(i._ZN7Display8EndFrameEv), (4 bytes).
    Removing display.o(.ARM.exidx), (8 bytes).
    Removing display.o(.ARM.exidx), (8 bytes).
    Removing display.o(.ARM.exidx), (8 bytes).
    Removing display.o(.ARM.exidx), (8 bytes).
    Removing display.o(.ARM.exidx), (8 bytes).

836 unused section(s) (total 29589 bytes) removed from the image.

==============================================================================

Image Symbol Table

    Local Symbols

    Symbol Name                              Value     Ov Type        Size  Object(Section)

    ../clib/angel/boardlib.s                 0x00000000   Number         0  boardinit1.o ABSOLUTE
    ../clib/angel/boardlib.s                 0x00000000   Number         0  boardinit3.o ABSOLUTE
    ../clib/angel/boardlib.s                 0x00000000   Number         0  boardinit2.o ABSOLUTE
    ../clib/angel/boardlib.s                 0x00000000   Number         0  boardshut.o ABSOLUTE
    ../clib/angel/dczerorl2.s                0x00000000   Number         0  __dczerorl2.o ABSOLUTE
    ../clib/angel/handlers.s                 0x00000000   Number         0  __scatter_zi.o ABSOLUTE
    ../clib/angel/kernel.s                   0x00000000   Number         0  rtexit.o ABSOLUTE
    ../clib/angel/kernel.s                   0x00000000   Number         0  __rtentry.o ABSOLUTE
    ../clib/angel/kernel.s                   0x00000000   Number         0  rtexit2.o ABSOLUTE
    ../clib/angel/kernel.s                   0x00000000   Number         0  __rtentry4.o ABSOLUTE
    ../clib/angel/kernel.s                   0x00000000   Number         0  __rtentry2.o ABSOLUTE
    ../clib/angel/rt.s                       0x00000000   Number         0  aeabi_ldiv0_sigfpe.o ABSOLUTE
    ../clib/angel/rt.s                       0x00000000   Number         0  rt_raise.o ABSOLUTE
    ../clib/angel/rt.s                       0x00000000   Number         0  rt_div0.o ABSOLUTE
    ../clib/angel/rt.s                       0x00000000   Number         0  aeabi_ldiv0.o ABSOLUTE
    ../clib/angel/scatter.s                  0x00000000   Number         0  __scatter.o ABSOLUTE
    ../clib/angel/startup.s                  0x00000000   Number         0  __main.o ABSOLUTE
    ../clib/angel/sys.s                      0x00000000   Number         0  libspace.o ABSOLUTE
    ../clib/angel/sys.s                      0x00000000   Number         0  sys_stackheap_outer.o ABSOLUTE
    ../clib/angel/sys.s                      0x00000000   Number         0  use_no_semi.o ABSOLUTE
    ../clib/angel/sys.s                      0x00000000   Number         0  indicate_semi.o ABSOLUTE
    ../clib/angel/sysapp.c                   0x00000000   Number         0  sys_command.o ABSOLUTE
    ../clib/angel/sysapp.c                   0x00000000   Number         0  sys_wrch.o ABSOLUTE
    ../clib/angel/sysapp.c                   0x00000000   Number         0  sys_exit.o ABSOLUTE
    ../clib/arm_runtime.c                    0x00000000   Number         0  init_aeabi.o ABSOLUTE
    ../clib/arm_runtime.c                    0x00000000   Number         0  init_aeabi.o ABSOLUTE
    ../clib/armsys.c                         0x00000000   Number         0  no_argv.o ABSOLUTE
    ../clib/armsys.c                         0x00000000   Number         0  _get_argv_nomalloc.o ABSOLUTE
    ../clib/armsys.c                         0x00000000   Number         0  argv_veneer.o ABSOLUTE
    ../clib/armsys.c                         0x00000000   Number         0  argv_veneer.o ABSOLUTE
    ../clib/heapalloc.c                      0x00000000   Number         0  hrguard.o ABSOLUTE
    ../clib/heapaux.c                        0x00000000   Number         0  heapauxi.o ABSOLUTE
    ../clib/libinit.s                        0x00000000   Number         0  libshutdown2.o ABSOLUTE
    ../clib/libinit.s                        0x00000000   Number         0  libinit.o ABSOLUTE
    ../clib/libinit.s                        0x00000000   Number         0  libshutdown.o ABSOLUTE
    ../clib/libinit.s                        0x00000000   Number         0  libinit2.o ABSOLUTE
    ../clib/longlong.s                       0x00000000   Number         0  lludivv7m.o ABSOLUTE
    ../clib/memcpset.s                       0x00000000   Number         0  rt_memclr_w.o ABSOLUTE
    ../clib/memcpset.s                       0x00000000   Number         0  aeabi_memset.o ABSOLUTE
    ../clib/memcpset.s                       0x00000000   Number         0  rt_memclr.o ABSOLUTE
    ../clib/signal.c                         0x00000000   Number         0  defsig_rtmem_outer.o ABSOLUTE
    ../clib/signal.c                         0x00000000   Number         0  defsig_other.o ABSOLUTE
    ../clib/signal.c                         0x00000000   Number         0  defsig_segv_inner.o ABSOLUTE
    ../clib/signal.c                         0x00000000   Number         0  defsig_rtmem_formal.o ABSOLUTE
    ../clib/signal.c                         0x00000000   Number         0  defsig_abrt_inner.o ABSOLUTE
    ../clib/signal.c                         0x00000000   Number         0  defsig_rtred_inner.o ABSOLUTE
    ../clib/signal.c                         0x00000000   Number         0  defsig_stak_inner.o ABSOLUTE
    ../clib/signal.c                         0x00000000   Number         0  __raise.o ABSOLUTE
    ../clib/signal.c                         0x00000000   Number         0  defsig_general.o ABSOLUTE
    ../clib/signal.c                         0x00000000   Number         0  defsig_rtmem_inner.o ABSOLUTE
    ../clib/signal.c                         0x00000000   Number         0  defsig_cppl_inner.o ABSOLUTE
    ../clib/signal.c                         0x00000000   Number         0  defsig_pvfn_inner.o ABSOLUTE
    ../clib/signal.c                         0x00000000   Number         0  defsig_fpe_inner.o ABSOLUTE
    ../clib/signal.c                         0x00000000   Number         0  defsig_exit.o ABSOLUTE
    ../clib/signal.c                         0x00000000   Number         0  defsig_fpe_outer.o ABSOLUTE
    ../clib/signal.c                         0x00000000   Number         0  defsig_fpe_formal.o ABSOLUTE
    ../clib/signal.s                         0x00000000   Number         0  defsig.o ABSOLUTE
    ../clib/stdlib.c                         0x00000000   Number         0  rand.o ABSOLUTE
    ../clib/stdlib.c                         0x00000000   Number         0  rand.o ABSOLUTE
    ../clib/stdlib.c                         0x00000000   Number         0  exit.o ABSOLUTE
    ../fplib/fpinit.s                        0x00000000   Number         0  fpinit.o ABSOLUTE
    ..\..\..\common\STM32Cube_F4\Drivers\STM32F4xx_HAL_Driver\Src\stm32f4xx_hal.c 0x00000000   Number         0  stm32f4xx_hal.o ABSOLUTE
    ..\..\..\common\STM32Cube_F4\Drivers\STM32F4xx_HAL_Driver\Src\stm32f4xx_hal_cortex.c 0x00000000   Number         0  stm32f4xx_hal_cortex.o ABSOLUTE
    ..\..\..\common\STM32Cube_F4\Drivers\STM32F4xx_HAL_Driver\Src\stm32f4xx_hal_dac.c 0x00000000   Number         0  stm32f4xx_hal_dac.o ABSOLUTE
    ..\..\..\common\STM32Cube_F4\Drivers\STM32F4xx_HAL_Driver\Src\stm32f4xx_hal_dac_ex.c 0x00000000   Number         0  stm32f4xx_hal_dac_ex.o ABSOLUTE
    ..\..\..\common\STM32Cube_F4\Drivers\STM32F4xx_HAL_Driver\Src\stm32f4xx_hal_dma.c 0x00000000   Number         0  stm32f4xx_hal_dma.o ABSOLUTE
    ..\..\..\common\STM32Cube_F4\Drivers\STM32F4xx_HAL_Driver\Src\stm32f4xx_hal_dma2d.c 0x00000000   Number         0  stm32f4xx_hal_dma2d.o ABSOLUTE
    ..\..\..\common\STM32Cube_F4\Drivers\STM32F4xx_HAL_Driver\Src\stm32f4xx_hal_gpio.c 0x00000000   Number         0  stm32f4xx_hal_gpio.o ABSOLUTE
    ..\..\..\common\STM32Cube_F4\Drivers\STM32F4xx_HAL_Driver\Src\stm32f4xx_hal_hcd.c 0x00000000   Number         0  stm32f4xx_hal_hcd.o ABSOLUTE
    ..\..\..\common\STM32Cube_F4\Drivers\STM32F4xx_HAL_Driver\Src\stm32f4xx_hal_ltdc.c 0x00000000   Number         0  stm32f4xx_hal_ltdc.o ABSOLUTE
    ..\..\..\common\STM32Cube_F4\Drivers\STM32F4xx_HAL_Driver\Src\stm32f4xx_hal_nor.c 0x00000000   Number         0  stm32f4xx_hal_nor.o ABSOLUTE
    ..\..\..\common\STM32Cube_F4\Drivers\STM32F4xx_HAL_Driver\Src\stm32f4xx_hal_pcd.c 0x00000000   Number         0  stm32f4xx_hal_pcd.o ABSOLUTE
    ..\..\..\common\STM32Cube_F4\Drivers\STM32F4xx_HAL_Driver\Src\stm32f4xx_hal_pcd_ex.c 0x00000000   Number         0  stm32f4xx_hal_pcd_ex.o ABSOLUTE
    ..\..\..\common\STM32Cube_F4\Drivers\STM32F4xx_HAL_Driver\Src\stm32f4xx_hal_rcc.c 0x00000000   Number         0  stm32f4xx_hal_rcc.o ABSOLUTE
    ..\..\..\common\STM32Cube_F4\Drivers\STM32F4xx_HAL_Driver\Src\stm32f4xx_hal_rcc_ex.c 0x00000000   Number         0  stm32f4xx_hal_rcc_ex.o ABSOLUTE
    ..\..\..\common\STM32Cube_F4\Drivers\STM32F4xx_HAL_Driver\Src\stm32f4xx_hal_sram.c 0x00000000   Number         0  stm32f4xx_hal_sram.o ABSOLUTE
    ..\..\..\common\STM32Cube_F4\Drivers\STM32F4xx_HAL_Driver\Src\stm32f4xx_ll_fmc.c 0x00000000   Number         0  stm32f4xx_ll_fmc.o ABSOLUTE
    ..\..\..\common\STM32Cube_F4\Drivers\STM32F4xx_HAL_Driver\Src\stm32f4xx_ll_usb.c 0x00000000   Number         0  stm32f4xx_ll_usb.o ABSOLUTE
    ..\\..\\..\\common\\STM32Cube_F4\\Drivers\\STM32F4xx_HAL_Driver\\Src\\stm32f4xx_hal.c 0x00000000   Number         0  stm32f4xx_hal.o ABSOLUTE
    ..\\..\\..\\common\\STM32Cube_F4\\Drivers\\STM32F4xx_HAL_Driver\\Src\\stm32f4xx_hal_cortex.c 0x00000000   Number         0  stm32f4xx_hal_cortex.o ABSOLUTE
    ..\\..\\..\\common\\STM32Cube_F4\\Drivers\\STM32F4xx_HAL_Driver\\Src\\stm32f4xx_hal_dac.c 0x00000000   Number         0  stm32f4xx_hal_dac.o ABSOLUTE
    ..\\..\\..\\common\\STM32Cube_F4\\Drivers\\STM32F4xx_HAL_Driver\\Src\\stm32f4xx_hal_dac_ex.c 0x00000000   Number         0  stm32f4xx_hal_dac_ex.o ABSOLUTE
    ..\\..\\..\\common\\STM32Cube_F4\\Drivers\\STM32F4xx_HAL_Driver\\Src\\stm32f4xx_hal_dma.c 0x00000000   Number         0  stm32f4xx_hal_dma.o ABSOLUTE
    ..\\..\\..\\common\\STM32Cube_F4\\Drivers\\STM32F4xx_HAL_Driver\\Src\\stm32f4xx_hal_dma2d.c 0x00000000   Number         0  stm32f4xx_hal_dma2d.o ABSOLUTE
    ..\\..\\..\\common\\STM32Cube_F4\\Drivers\\STM32F4xx_HAL_Driver\\Src\\stm32f4xx_hal_gpio.c 0x00000000   Number         0  stm32f4xx_hal_gpio.o ABSOLUTE
    ..\\..\\..\\common\\STM32Cube_F4\\Drivers\\STM32F4xx_HAL_Driver\\Src\\stm32f4xx_hal_hcd.c 0x00000000   Number         0  stm32f4xx_hal_hcd.o ABSOLUTE
    ..\\..\\..\\common\\STM32Cube_F4\\Drivers\\STM32F4xx_HAL_Driver\\Src\\stm32f4xx_hal_ltdc.c 0x00000000   Number         0  stm32f4xx_hal_ltdc.o ABSOLUTE
    ..\\..\\..\\common\\STM32Cube_F4\\Drivers\\STM32F4xx_HAL_Driver\\Src\\stm32f4xx_hal_nor.c 0x00000000   Number         0  stm32f4xx_hal_nor.o ABSOLUTE
    ..\\..\\..\\common\\STM32Cube_F4\\Drivers\\STM32F4xx_HAL_Driver\\Src\\stm32f4xx_hal_pcd.c 0x00000000   Number         0  stm32f4xx_hal_pcd.o ABSOLUTE
    ..\\..\\..\\common\\STM32Cube_F4\\Drivers\\STM32F4xx_HAL_Driver\\Src\\stm32f4xx_hal_pcd_ex.c 0x00000000   Number         0  stm32f4xx_hal_pcd_ex.o ABSOLUTE
    ..\\..\\..\\common\\STM32Cube_F4\\Drivers\\STM32F4xx_HAL_Driver\\Src\\stm32f4xx_hal_rcc.c 0x00000000   Number         0  stm32f4xx_hal_rcc.o ABSOLUTE
    ..\\..\\..\\common\\STM32Cube_F4\\Drivers\\STM32F4xx_HAL_Driver\\Src\\stm32f4xx_hal_rcc_ex.c 0x00000000   Number         0  stm32f4xx_hal_rcc_ex.o ABSOLUTE
    ..\\..\\..\\common\\STM32Cube_F4\\Drivers\\STM32F4xx_HAL_Driver\\Src\\stm32f4xx_hal_sram.c 0x00000000   Number         0  stm32f4xx_hal_sram.o ABSOLUTE
    ..\\..\\..\\common\\STM32Cube_F4\\Drivers\\STM32F4xx_HAL_Driver\\Src\\stm32f4xx_ll_fmc.c 0x00000000   Number         0  stm32f4xx_ll_fmc.o ABSOLUTE
    ..\\..\\..\\common\\STM32Cube_F4\\Drivers\\STM32F4xx_HAL_Driver\\Src\\stm32f4xx_ll_usb.c 0x00000000   Number         0  stm32f4xx_ll_usb.o ABSOLUTE
    dc.s                                     0x00000000   Number         0  dc.o ABSOLUTE
    src\Display\Colors_.cpp                  0x00000000   Number         0  colors_.o ABSOLUTE
    src\Display\Display.cpp                  0x00000000   Number         0  display.o ABSOLUTE
    src\Hardware\CMSIS\startup_stm32f429xx.s 0x00000000   Number         0  startup_stm32f429xx.o ABSOLUTE
    src\Hardware\CMSIS\system_stm32f4xx.c    0x00000000   Number         0  system_stm32f4xx.o ABSOLUTE
    src\Hardware\HAL\HAL_.cpp                0x00000000   Number         0  hal_.o ABSOLUTE
    src\Hardware\HAL\HAL_DAC1_.cpp           0x00000000   Number         0  hal_dac1_.o ABSOLUTE
    src\Hardware\HAL\HAL_FMC_.cpp            0x00000000   Number         0  hal_fmc_.o ABSOLUTE
    src\Hardware\HAL\HAL_IT.cpp              0x00000000   Number         0  hal_it.o ABSOLUTE
    src\Hardware\HAL\HAL_LTDC_.cpp           0x00000000   Number         0  hal_ltdc_.o ABSOLUTE
    src\Hardware\HAL\HAL_PINS_.cpp           0x00000000   Number         0  hal_pins_.o ABSOLUTE
    src\\Hardware\\CMSIS\\system_stm32f4xx.c 0x00000000   Number         0  system_stm32f4xx.o ABSOLUTE
    src\\Hardware\\HAL\\HAL_.cpp             0x00000000   Number         0  hal_.o ABSOLUTE
    src\\Hardware\\HAL\\HAL_DAC1_.cpp        0x00000000   Number         0  hal_dac1_.o ABSOLUTE
    src\\Hardware\\HAL\\HAL_FMC_.cpp         0x00000000   Number         0  hal_fmc_.o ABSOLUTE
    src\\Hardware\\HAL\\HAL_IT.cpp           0x00000000   Number         0  hal_it.o ABSOLUTE
    src\\Hardware\\HAL\\HAL_LTDC_.cpp        0x00000000   Number         0  hal_ltdc_.o ABSOLUTE
    src\\Hardware\\HAL\\HAL_PINS_.cpp        0x00000000   Number         0  hal_pins_.o ABSOLUTE
    src\\main.cpp                            0x00000000   Number         0  main.o ABSOLUTE
    src\device.cpp                           0x00000000   Number         0  device.o ABSOLUTE
    src\main.cpp                             0x00000000   Number         0  main.o ABSOLUTE
    RESET                                    0x08000000   Section      428  startup_stm32f429xx.o(RESET)
    !!!main                                  0x080001ac   Section        8  __main.o(!!!main)
    !!!scatter                               0x080001b4   Section       52  __scatter.o(!!!scatter)
    !!dczerorl2                              0x080001e8   Section       90  __dczerorl2.o(!!dczerorl2)
    !!handler_zi                             0x08000244   Section       28  __scatter_zi.o(!!handler_zi)
    .ARM.Collect$$libinit$$00000000          0x08000260   Section        2  libinit.o(.ARM.Collect$$libinit$$00000000)
    .ARM.Collect$$libinit$$00000001          0x08000262   Section        4  libinit2.o(.ARM.Collect$$libinit$$00000001)
    .ARM.Collect$$libinit$$00000004          0x08000266   Section        0  libinit2.o(.ARM.Collect$$libinit$$00000004)
    .ARM.Collect$$libinit$$0000000A          0x08000266   Section        0  libinit2.o(.ARM.Collect$$libinit$$0000000A)
    .ARM.Collect$$libinit$$0000000C          0x08000266   Section        0  libinit2.o(.ARM.Collect$$libinit$$0000000C)
    .ARM.Collect$$libinit$$0000000D          0x08000266   Section        4  libinit2.o(.ARM.Collect$$libinit$$0000000D)
    .ARM.Collect$$libinit$$0000000E          0x0800026a   Section        0  libinit2.o(.ARM.Collect$$libinit$$0000000E)
    .ARM.Collect$$libinit$$00000011          0x0800026a   Section        0  libinit2.o(.ARM.Collect$$libinit$$00000011)
    .ARM.Collect$$libinit$$00000013          0x0800026a   Section        0  libinit2.o(.ARM.Collect$$libinit$$00000013)
    .ARM.Collect$$libinit$$00000015          0x0800026a   Section        0  libinit2.o(.ARM.Collect$$libinit$$00000015)
    .ARM.Collect$$libinit$$00000017          0x0800026a   Section        0  libinit2.o(.ARM.Collect$$libinit$$00000017)
    .ARM.Collect$$libinit$$00000019          0x0800026a   Section        0  libinit2.o(.ARM.Collect$$libinit$$00000019)
    .ARM.Collect$$libinit$$0000001B          0x0800026a   Section        0  libinit2.o(.ARM.Collect$$libinit$$0000001B)
    .ARM.Collect$$libinit$$0000001D          0x0800026a   Section        0  libinit2.o(.ARM.Collect$$libinit$$0000001D)
    .ARM.Collect$$libinit$$0000001F          0x0800026a   Section        0  libinit2.o(.ARM.Collect$$libinit$$0000001F)
    .ARM.Collect$$libinit$$00000021          0x0800026a   Section        0  libinit2.o(.ARM.Collect$$libinit$$00000021)
    .ARM.Collect$$libinit$$00000023          0x0800026a   Section        0  libinit2.o(.ARM.Collect$$libinit$$00000023)
    .ARM.Collect$$libinit$$00000025          0x0800026a   Section        0  libinit2.o(.ARM.Collect$$libinit$$00000025)
    .ARM.Collect$$libinit$$0000002C          0x0800026a   Section        0  libinit2.o(.ARM.Collect$$libinit$$0000002C)
    .ARM.Collect$$libinit$$0000002E          0x0800026a   Section        0  libinit2.o(.ARM.Collect$$libinit$$0000002E)
    .ARM.Collect$$libinit$$00000030          0x0800026a   Section        0  libinit2.o(.ARM.Collect$$libinit$$00000030)
    .ARM.Collect$$libinit$$00000031          0x0800026a   Section        4  libinit2.o(.ARM.Collect$$libinit$$00000031)
    .ARM.Collect$$libinit$$00000032          0x0800026e   Section        0  libinit2.o(.ARM.Collect$$libinit$$00000032)
    .ARM.Collect$$libinit$$00000033          0x0800026e   Section        2  libinit2.o(.ARM.Collect$$libinit$$00000033)
    .ARM.Collect$$libshutdown$$00000000      0x08000270   Section        2  libshutdown.o(.ARM.Collect$$libshutdown$$00000000)
    .ARM.Collect$$libshutdown$$00000002      0x08000272   Section        0  libshutdown2.o(.ARM.Collect$$libshutdown$$00000002)
    .ARM.Collect$$libshutdown$$00000004      0x08000272   Section        0  libshutdown2.o(.ARM.Collect$$libshutdown$$00000004)
    .ARM.Collect$$libshutdown$$00000006      0x08000272   Section        0  libshutdown2.o(.ARM.Collect$$libshutdown$$00000006)
    .ARM.Collect$$libshutdown$$00000009      0x08000272   Section        0  libshutdown2.o(.ARM.Collect$$libshutdown$$00000009)
    .ARM.Collect$$libshutdown$$0000000C      0x08000272   Section        0  libshutdown2.o(.ARM.Collect$$libshutdown$$0000000C)
    .ARM.Collect$$libshutdown$$0000000E      0x08000272   Section        0  libshutdown2.o(.ARM.Collect$$libshutdown$$0000000E)
    .ARM.Collect$$libshutdown$$00000011      0x08000272   Section        0  libshutdown2.o(.ARM.Collect$$libshutdown$$00000011)
    .ARM.Collect$$libshutdown$$00000012      0x08000272   Section        2  libshutdown2.o(.ARM.Collect$$libshutdown$$00000012)
    .ARM.Collect$$rtentry$$00000000          0x08000274   Section        0  __rtentry.o(.ARM.Collect$$rtentry$$00000000)
    .ARM.Collect$$rtentry$$00000002          0x08000274   Section        0  __rtentry2.o(.ARM.Collect$$rtentry$$00000002)
    .ARM.Collect$$rtentry$$00000004          0x08000274   Section        6  __rtentry4.o(.ARM.Collect$$rtentry$$00000004)
    .ARM.Collect$$rtentry$$00000009          0x0800027a   Section        0  __rtentry2.o(.ARM.Collect$$rtentry$$00000009)
    .ARM.Collect$$rtentry$$0000000A          0x0800027a   Section        4  __rtentry2.o(.ARM.Collect$$rtentry$$0000000A)
    .ARM.Collect$$rtentry$$0000000C          0x0800027e   Section        0  __rtentry2.o(.ARM.Collect$$rtentry$$0000000C)
    .ARM.Collect$$rtentry$$0000000D          0x0800027e   Section        8  __rtentry2.o(.ARM.Collect$$rtentry$$0000000D)
    .ARM.Collect$$rtexit$$00000000           0x08000286   Section        2  rtexit.o(.ARM.Collect$$rtexit$$00000000)
    .ARM.Collect$$rtexit$$00000002           0x08000288   Section        0  rtexit2.o(.ARM.Collect$$rtexit$$00000002)
    .ARM.Collect$$rtexit$$00000003           0x08000288   Section        4  rtexit2.o(.ARM.Collect$$rtexit$$00000003)
    .ARM.Collect$$rtexit$$00000004           0x0800028c   Section        6  rtexit2.o(.ARM.Collect$$rtexit$$00000004)
    .emb_text                                0x08000294   Section       52  rand.o(.emb_text)
    .text                                    0x080002c8   Section       64  startup_stm32f429xx.o(.text)
    $v0                                      0x080002c8   Number         0  startup_stm32f429xx.o(.text)
    .text                                    0x08000308   Section      238  lludivv7m.o(.text)
    .text                                    0x080003f8   Section        0  rand.o(.text)
    .text                                    0x08000434   Section       16  aeabi_memset.o(.text)
    .text                                    0x08000444   Section        0  heapauxi.o(.text)
    .text                                    0x0800044c   Section        0  init_aeabi.o(.text)
    .text                                    0x08000470   Section       68  rt_memclr.o(.text)
    .text                                    0x080004b4   Section       78  rt_memclr_w.o(.text)
    .text                                    0x08000502   Section       74  sys_stackheap_outer.o(.text)
    .text                                    0x0800054c   Section        0  exit.o(.text)
    .text                                    0x08000560   Section        8  libspace.o(.text)
    .text                                    0x08000568   Section        0  sys_exit.o(.text)
    .text                                    0x08000574   Section        2  use_no_semi.o(.text)
    .text                                    0x08000576   Section        0  indicate_semi.o(.text)
    i.BusFault_Handler                       0x08000576   Section        0  hal_it.o(i.BusFault_Handler)
    i.DebugMon_Handler                       0x08000578   Section        0  hal_it.o(i.DebugMon_Handler)
    i.FMC_NORSRAM_Extended_Timing_Init       0x0800057c   Section        0  stm32f4xx_ll_fmc.o(i.FMC_NORSRAM_Extended_Timing_Init)
    i.FMC_NORSRAM_Init                       0x080005c8   Section        0  stm32f4xx_ll_fmc.o(i.FMC_NORSRAM_Init)
    i.FMC_NORSRAM_Timing_Init                0x08000638   Section        0  stm32f4xx_ll_fmc.o(i.FMC_NORSRAM_Timing_Init)
    i.HAL_DAC_ConfigChannel                  0x0800069c   Section        0  stm32f4xx_hal_dac.o(i.HAL_DAC_ConfigChannel)
    i.HAL_DAC_Init                           0x080006ee   Section        0  stm32f4xx_hal_dac.o(i.HAL_DAC_Init)
    i.HAL_DAC_MspInit                        0x08000716   Section        0  stm32f4xx_hal_dac.o(i.HAL_DAC_MspInit)
    i.HAL_DAC_SetValue                       0x08000718   Section        0  stm32f4xx_hal_dac.o(i.HAL_DAC_SetValue)
    i.HAL_DAC_Start                          0x08000738   Section        0  stm32f4xx_hal_dac.o(i.HAL_DAC_Start)
    i.HAL_DMA2D_ConfigLayer                  0x080007a4   Section        0  stm32f4xx_hal_dma2d.o(i.HAL_DMA2D_ConfigLayer)
    i.HAL_DMA2D_Init                         0x08000854   Section        0  stm32f4xx_hal_dma2d.o(i.HAL_DMA2D_Init)
    i.HAL_DMA2D_MspInit                      0x080008ae   Section        0  stm32f4xx_hal_dma2d.o(i.HAL_DMA2D_MspInit)
    i.HAL_DMA2D_PollForTransfer              0x080008b0   Section        0  stm32f4xx_hal_dma2d.o(i.HAL_DMA2D_PollForTransfer)
    i.HAL_DMA2D_Start                        0x080009fa   Section        0  stm32f4xx_hal_dma2d.o(i.HAL_DMA2D_Start)
    i.HAL_GPIO_Init                          0x08000a34   Section        0  stm32f4xx_hal_gpio.o(i.HAL_GPIO_Init)
    i.HAL_GPIO_WritePin                      0x08000c58   Section        0  stm32f4xx_hal_gpio.o(i.HAL_GPIO_WritePin)
    i.HAL_GetTick                            0x08000c64   Section        0  stm32f4xx_hal.o(i.HAL_GetTick)
    i.HAL_IncTick                            0x08000c70   Section        0  stm32f4xx_hal.o(i.HAL_IncTick)
    i.HAL_Init                               0x08000c80   Section        0  stm32f4xx_hal.o(i.HAL_Init)
    i.HAL_InitTick                           0x08000cb4   Section        0  stm32f4xx_hal.o(i.HAL_InitTick)
    i.HAL_LTDC_ConfigCLUT                    0x08000cf4   Section        0  stm32f4xx_hal_ltdc.o(i.HAL_LTDC_ConfigCLUT)
    i.HAL_LTDC_ConfigLayer                   0x08000d86   Section        0  stm32f4xx_hal_ltdc.o(i.HAL_LTDC_ConfigLayer)
    i.HAL_LTDC_EnableCLUT                    0x08000dde   Section        0  stm32f4xx_hal_ltdc.o(i.HAL_LTDC_EnableCLUT)
    i.HAL_LTDC_Init                          0x08000e20   Section        0  stm32f4xx_hal_ltdc.o(i.HAL_LTDC_Init)
    i.HAL_LTDC_MspInit                       0x08000f20   Section        0  stm32f4xx_hal_ltdc.o(i.HAL_LTDC_MspInit)
    i.HAL_MspInit                            0x08000f22   Section        0  hal_.o(i.HAL_MspInit)
    i.HAL_NVIC_SetPriority                   0x08000f7c   Section        0  stm32f4xx_hal_cortex.o(i.HAL_NVIC_SetPriority)
    i.HAL_NVIC_SetPriorityGrouping           0x08000fe0   Section        0  stm32f4xx_hal_cortex.o(i.HAL_NVIC_SetPriorityGrouping)
    i.HAL_RCCEx_PeriphCLKConfig              0x08001004   Section        0  stm32f4xx_hal_rcc_ex.o(i.HAL_RCCEx_PeriphCLKConfig)
    i.HAL_RCC_ClockConfig                    0x08001298   Section        0  stm32f4xx_hal_rcc.o(i.HAL_RCC_ClockConfig)
    i.HAL_RCC_GetSysClockFreq                0x080013f4   Section        0  stm32f4xx_hal_rcc.o(i.HAL_RCC_GetSysClockFreq)
    i.HAL_RCC_OscConfig                      0x08001468   Section        0  stm32f4xx_hal_rcc.o(i.HAL_RCC_OscConfig)
    i.HAL_SRAM_Init                          0x0800186c   Section        0  stm32f4xx_hal_sram.o(i.HAL_SRAM_Init)
    i.HAL_SRAM_MspInit                       0x080018c2   Section        0  stm32f4xx_hal_sram.o(i.HAL_SRAM_MspInit)
    i.HAL_SYSTICK_Config                     0x080018c4   Section        0  stm32f4xx_hal_cortex.o(i.HAL_SYSTICK_Config)
    i.HardFault_Handler                      0x080018f0   Section        0  hal_it.o(i.HardFault_Handler)
    i.MemManage_Handler                      0x080018f2   Section        0  hal_it.o(i.MemManage_Handler)
    i.NMI_Handler                            0x080018f4   Section        0  hal_it.o(i.NMI_Handler)
    i.PendSV_Handler                         0x080018f6   Section        0  hal_it.o(i.PendSV_Handler)
    i.SVC_Handler                            0x080018f8   Section        0  hal_it.o(i.SVC_Handler)
    i.SysTick_Handler                        0x080018fa   Section        0  hal_it.o(i.SysTick_Handler)
    i.SystemInit                             0x08001900   Section        0  system_stm32f4xx.o(i.SystemInit)
    i.UsageFault_Handler                     0x0800191c   Section        0  hal_it.o(i.UsageFault_Handler)
    i._Z14LTDC_SetConfigP18LTDC_HandleTypeDefP20LTDC_LayerCfgTypeDefj 0x0800191e   Section        0  stm32f4xx_hal_ltdc.o(i._Z14LTDC_SetConfigP18LTDC_HandleTypeDefP20LTDC_LayerCfgTypeDefj)
    LTDC_SetConfig(LTDC_HandleTypeDef*, LTDC_LayerCfgTypeDef*, unsigned) 0x0800191f   Thumb Code   430  stm32f4xx_hal_ltdc.o(i._Z14LTDC_SetConfigP18LTDC_HandleTypeDefP20LTDC_LayerCfgTypeDefj)
    i._Z15DMA2D_SetConfigP21__DMA2D_HandleTypeDefjjjj 0x08001acc   Section        0  stm32f4xx_hal_dma2d.o(i._Z15DMA2D_SetConfigP21__DMA2D_HandleTypeDefjjjj)
    DMA2D_SetConfig(__DMA2D_HandleTypeDef*, unsigned, unsigned, unsigned, unsigned) 0x08001acd   Thumb Code   178  stm32f4xx_hal_dma2d.o(i._Z15DMA2D_SetConfigP21__DMA2D_HandleTypeDefjjjj)
    i._ZN3HAL12ErrorHandlerEPKci             0x08001b7e   Section        0  hal_.o(i._ZN3HAL12ErrorHandlerEPKci)
    i._ZN3HAL17ConfigSystemClockEv           0x08001b80   Section        0  hal_.o(i._ZN3HAL17ConfigSystemClockEv)
    i._ZN3HAL17EnablePeripheralsEv           0x08001c44   Section        0  hal_.o(i._ZN3HAL17EnablePeripheralsEv)
    i._ZN3HAL4InitEv                         0x08001e58   Section        0  hal_.o(i._ZN3HAL4InitEv)
    i._ZN3Pin4InitEv                         0x08001e7c   Section        0  hal_pins_.o(i._ZN3Pin4InitEv)
    i._ZN5Color10ResetFlashEv                0x08001f60   Section        0  colors_.o(i._ZN5Color10ResetFlashEv)
    i._ZN6Device4InitEv                      0x08001f62   Section        0  device.o(i._ZN6Device4InitEv)
    i._ZN6Device6UpdateEv                    0x08001f70   Section        0  device.o(i._ZN6Device6UpdateEv)
    i._ZN7Display4InitEv                     0x08001f74   Section        0  display.o(i._ZN7Display4InitEv)
    i._ZN7Display6UpdateEv                   0x08001f94   Section        0  display.o(i._ZN7Display6UpdateEv)
    i._ZN7HAL_FMC4InitEv                     0x08001fd8   Section        0  hal_fmc_.o(i._ZN7HAL_FMC4InitEv)
    i._ZN8HAL_DAC14InitEv                    0x08002030   Section        0  hal_dac1_.o(i._ZN8HAL_DAC14InitEv)
    i._ZN8HAL_LTDC11LoadPaletteEv            0x080020c4   Section        0  hal_ltdc_.o(i._ZN8HAL_LTDC11LoadPaletteEv)
    i._ZN8HAL_LTDC13ToggleBuffersEv          0x08002120   Section        0  hal_ltdc_.o(i._ZN8HAL_LTDC13ToggleBuffersEv)
    i._ZN8HAL_LTDC4InitEPhS0_                0x080021c4   Section        0  hal_ltdc_.o(i._ZN8HAL_LTDC4InitEPhS0_)
    i._ZN8HAL_PINS4FMC_4InitEv               0x080022d0   Section        0  hal_pins_.o(i._ZN8HAL_PINS4FMC_4InitEv)
    i._ZN8HAL_PINS4InitEv                    0x08002690   Section        0  hal_pins_.o(i._ZN8HAL_PINS4InitEv)
    i.__sti___11_Colors__cpp_90c80130        0x08002bac   Section        0  colors_.o(i.__sti___11_Colors__cpp_90c80130)
    __sti___11_Colors__cpp_90c80130          0x08002bad   Thumb Code   134  colors_.o(i.__sti___11_Colors__cpp_90c80130)
    i.__sti___11_Display_cpp_410c109f        0x08002c38   Section        0  display.o(i.__sti___11_Display_cpp_410c109f)
    __sti___11_Display_cpp_410c109f          0x08002c39   Thumb Code    18  display.o(i.__sti___11_Display_cpp_410c109f)
    i.__sti___13_HAL_PINS__cpp_812a263d      0x08002c54   Section        0  hal_pins_.o(i.__sti___13_HAL_PINS__cpp_812a263d)
    __sti___13_HAL_PINS__cpp_812a263d        0x08002c55   Thumb Code    80  hal_pins_.o(i.__sti___13_HAL_PINS__cpp_812a263d)
    i.main                                   0x08002ca8   Section        0  main.o(i.main)
    x$fpl$fpinit                             0x08002cb2   Section       10  fpinit.o(x$fpl$fpinit)
    $v0                                      0x08002cb2   Number         0  fpinit.o(x$fpl$fpinit)
    .constdata                               0x08002cbc   Section       16  system_stm32f4xx.o(.constdata)
    .constdata                               0x08002ccc   Section        4  hal_.o(.constdata)
    .constdata                               0x08002cd0   Section       32  hal_pins_.o(.constdata)
    pins                                     0x08002cd0   Data          32  hal_pins_.o(.constdata)
    .constdata                               0x08002cf0   Section       56  hal_fmc_.o(.constdata)
    sramTiming                               0x08002cf0   Data          28  hal_fmc_.o(.constdata)
    sramTiming                               0x08002d0c   Data          28  hal_fmc_.o(.constdata)
    .init_array                              0x08002d58   Section        4  hal_pins_.o(.init_array)
    .init_array                              0x08002d5c   Section        4  colors_.o(.init_array)
    .init_array                              0x08002d60   Section        4  display.o(.init_array)
    .init_array                              0x08002d64   Section        0  init_aeabi.o(.init_array)
    HEAP                                     0x10000000   Section    57344  startup_stm32f429xx.o(HEAP)
    Heap_Mem                                 0x10000000   Data       57344  startup_stm32f429xx.o(HEAP)
    .data                                    0x20000000   Section       12  stm32f4xx_hal.o(.data)
    .data                                    0x2000000c   Section        4  system_stm32f4xx.o(.data)
    .data                                    0x20000010   Section       20  hal_dac1_.o(.data)
    handle                                   0x20000010   Data          20  hal_dac1_.o(.data)
    .data                                    0x20000024   Section       72  hal_ltdc_.o(.data)
    frontBuffer                              0x20000024   Data           4  hal_ltdc_.o(.data)
    backBuffer                               0x20000028   Data           4  hal_ltdc_.o(.data)
    colors                                   0x2000002c   Data          64  hal_ltdc_.o(.data)
    .data                                    0x2000006c   Section       56  hal_pins_.o(.data)
    ports                                    0x20000080   Data          36  hal_pins_.o(.data)
    .data                                    0x200000a4   Section      160  hal_fmc_.o(.data)
    gSramHandle                              0x200000a4   Data          80  hal_fmc_.o(.data)
    gSramHandle                              0x200000f4   Data          80  hal_fmc_.o(.data)
    .data                                    0x20000144   Section       21  colors_.o(.data)
    .data                                    0x2000015c   Section       12  display.o(.data)
    front                                    0x20000160   Data           4  display.o(.data)
    .bss                                     0x20000168   Section      168  hal_ltdc_.o(.bss)
    handleLTDC                               0x20000168   Data         168  hal_ltdc_.o(.bss)
    .bss                                     0x20000210   Section    76800  display.o(.bss)
    back                                     0x20000210   Data       76800  display.o(.bss)
    .bss                                     0x20012e10   Section      228  rand.o(.bss)
    .bss                                     0x20012ef4   Section       96  libspace.o(.bss)
    STACK                                    0x20012f58   Section    65536  startup_stm32f429xx.o(STACK)
    Stack_Mem                                0x20012f58   Data       65536  startup_stm32f429xx.o(STACK)
    __initial_sp                             0x20022f58   Data           0  startup_stm32f429xx.o(STACK)

    Global Symbols

    Symbol Name                              Value     Ov Type        Size  Object(Section)

    BuildAttributes$$THM_ISAv4$E$P$D$K$B$S$7EM$VFPi3$EXTD16$VFPS$VFMA$PE$A:L22UL41UL21$X:L11$S22US41US21$IEEE1$IW$USESV6$~STKCKD$USESV7$~SHL$OTIME$ROPI$EBA8$UX$STANDARDLIB$REQ8$PRES8$EABIv2 0x00000000   Number         0  anon$$obj.o ABSOLUTE
    __ARM_use_no_argv                        0x00000000   Number         0  main.o ABSOLUTE
    __ARM_exceptions_init                     - Undefined Weak Reference
    __alloca_initialize                       - Undefined Weak Reference
    __arm_fini_                               - Undefined Weak Reference
    __arm_preinit_                            - Undefined Weak Reference
    __cxa_finalize                            - Undefined Weak Reference
    __rt_locale                               - Undefined Weak Reference
    __sigvec_lookup                           - Undefined Weak Reference
    _atexit_init                              - Undefined Weak Reference
    _call_atexit_fns                          - Undefined Weak Reference
    _clock_init                               - Undefined Weak Reference
    _fp_trap_init                             - Undefined Weak Reference
    _fp_trap_shutdown                         - Undefined Weak Reference
    _get_lc_collate                           - Undefined Weak Reference
    _get_lc_ctype                             - Undefined Weak Reference
    _get_lc_monetary                          - Undefined Weak Reference
    _get_lc_numeric                           - Undefined Weak Reference
    _get_lc_time                              - Undefined Weak Reference
    _getenv_init                              - Undefined Weak Reference
    _handle_redirection                       - Undefined Weak Reference
    _init_alloc                               - Undefined Weak Reference
    _init_user_alloc                          - Undefined Weak Reference
    _initio                                   - Undefined Weak Reference
    _signal_finish                            - Undefined Weak Reference
    _signal_init                              - Undefined Weak Reference
    _terminate_alloc                          - Undefined Weak Reference
    _terminate_user_alloc                     - Undefined Weak Reference
    _terminateio                              - Undefined Weak Reference
    __Vectors_Size                           0x000001ac   Number         0  startup_stm32f429xx.o ABSOLUTE
    __Vectors                                0x08000000   Data           4  startup_stm32f429xx.o(RESET)
    __Vectors_End                            0x080001ac   Data           0  startup_stm32f429xx.o(RESET)
    __main                                   0x080001ad   Thumb Code     8  __main.o(!!!main)
    __scatterload                            0x080001b5   Thumb Code     0  __scatter.o(!!!scatter)
    __scatterload_rt2                        0x080001b5   Thumb Code    44  __scatter.o(!!!scatter)
    __scatterload_rt2_thumb_only             0x080001b5   Thumb Code     0  __scatter.o(!!!scatter)
    __scatterload_null                       0x080001c3   Thumb Code     0  __scatter.o(!!!scatter)
    __decompress                             0x080001e9   Thumb Code    90  __dczerorl2.o(!!dczerorl2)
    __decompress1                            0x080001e9   Thumb Code     0  __dczerorl2.o(!!dczerorl2)
    __scatterload_zeroinit                   0x08000245   Thumb Code    28  __scatter_zi.o(!!handler_zi)
    __rt_lib_init                            0x08000261   Thumb Code     0  libinit.o(.ARM.Collect$$libinit$$00000000)
    __rt_lib_init_fp_1                       0x08000263   Thumb Code     0  libinit2.o(.ARM.Collect$$libinit$$00000001)
    __rt_lib_init_heap_1                     0x08000267   Thumb Code     0  libinit2.o(.ARM.Collect$$libinit$$0000000A)
    __rt_lib_init_preinit_1                  0x08000267   Thumb Code     0  libinit2.o(.ARM.Collect$$libinit$$00000004)
    __rt_lib_init_rand_2                     0x08000267   Thumb Code     0  libinit2.o(.ARM.Collect$$libinit$$0000000D)
    __rt_lib_init_user_alloc_1               0x08000267   Thumb Code     0  libinit2.o(.ARM.Collect$$libinit$$0000000C)
    __rt_lib_init_alloca_1                   0x0800026b   Thumb Code     0  libinit2.o(.ARM.Collect$$libinit$$0000002E)
    __rt_lib_init_argv_1                     0x0800026b   Thumb Code     0  libinit2.o(.ARM.Collect$$libinit$$0000002C)
    __rt_lib_init_atexit_1                   0x0800026b   Thumb Code     0  libinit2.o(.ARM.Collect$$libinit$$0000001B)
    __rt_lib_init_clock_1                    0x0800026b   Thumb Code     0  libinit2.o(.ARM.Collect$$libinit$$00000021)
    __rt_lib_init_cpp_2                      0x0800026b   Thumb Code     0  libinit2.o(.ARM.Collect$$libinit$$00000031)
    __rt_lib_init_exceptions_1               0x0800026b   Thumb Code     0  libinit2.o(.ARM.Collect$$libinit$$00000030)
    __rt_lib_init_fp_trap_1                  0x0800026b   Thumb Code     0  libinit2.o(.ARM.Collect$$libinit$$0000001F)
    __rt_lib_init_getenv_1                   0x0800026b   Thumb Code     0  libinit2.o(.ARM.Collect$$libinit$$00000023)
    __rt_lib_init_lc_collate_1               0x0800026b   Thumb Code     0  libinit2.o(.ARM.Collect$$libinit$$00000011)
    __rt_lib_init_lc_ctype_1                 0x0800026b   Thumb Code     0  libinit2.o(.ARM.Collect$$libinit$$00000013)
    __rt_lib_init_lc_monetary_1              0x0800026b   Thumb Code     0  libinit2.o(.ARM.Collect$$libinit$$00000015)
    __rt_lib_init_lc_numeric_1               0x0800026b   Thumb Code     0  libinit2.o(.ARM.Collect$$libinit$$00000017)
    __rt_lib_init_lc_time_1                  0x0800026b   Thumb Code     0  libinit2.o(.ARM.Collect$$libinit$$00000019)
    __rt_lib_init_rand_1                     0x0800026b   Thumb Code     0  libinit2.o(.ARM.Collect$$libinit$$0000000E)
    __rt_lib_init_signal_1                   0x0800026b   Thumb Code     0  libinit2.o(.ARM.Collect$$libinit$$0000001D)
    __rt_lib_init_stdio_1                    0x0800026b   Thumb Code     0  libinit2.o(.ARM.Collect$$libinit$$00000025)
    __rt_lib_init_cpp_1                      0x0800026f   Thumb Code     0  libinit2.o(.ARM.Collect$$libinit$$00000032)
    __rt_lib_init_return                     0x0800026f   Thumb Code     0  libinit2.o(.ARM.Collect$$libinit$$00000033)
    __rt_lib_shutdown                        0x08000271   Thumb Code     0  libshutdown.o(.ARM.Collect$$libshutdown$$00000000)
    __rt_lib_shutdown_cpp_1                  0x08000273   Thumb Code     0  libshutdown2.o(.ARM.Collect$$libshutdown$$00000004)
    __rt_lib_shutdown_fini_1                 0x08000273   Thumb Code     0  libshutdown2.o(.ARM.Collect$$libshutdown$$00000002)
    __rt_lib_shutdown_fp_trap_1              0x08000273   Thumb Code     0  libshutdown2.o(.ARM.Collect$$libshutdown$$00000009)
    __rt_lib_shutdown_heap_1                 0x08000273   Thumb Code     0  libshutdown2.o(.ARM.Collect$$libshutdown$$00000011)
    __rt_lib_shutdown_return                 0x08000273   Thumb Code     0  libshutdown2.o(.ARM.Collect$$libshutdown$$00000012)
    __rt_lib_shutdown_signal_1               0x08000273   Thumb Code     0  libshutdown2.o(.ARM.Collect$$libshutdown$$0000000C)
    __rt_lib_shutdown_stdio_1                0x08000273   Thumb Code     0  libshutdown2.o(.ARM.Collect$$libshutdown$$00000006)
    __rt_lib_shutdown_user_alloc_1           0x08000273   Thumb Code     0  libshutdown2.o(.ARM.Collect$$libshutdown$$0000000E)
    __rt_entry                               0x08000275   Thumb Code     0  __rtentry.o(.ARM.Collect$$rtentry$$00000000)
    __rt_entry_presh_1                       0x08000275   Thumb Code     0  __rtentry2.o(.ARM.Collect$$rtentry$$00000002)
    __rt_entry_sh                            0x08000275   Thumb Code     0  __rtentry4.o(.ARM.Collect$$rtentry$$00000004)
    __rt_entry_li                            0x0800027b   Thumb Code     0  __rtentry2.o(.ARM.Collect$$rtentry$$0000000A)
    __rt_entry_postsh_1                      0x0800027b   Thumb Code     0  __rtentry2.o(.ARM.Collect$$rtentry$$00000009)
    __rt_entry_main                          0x0800027f   Thumb Code     0  __rtentry2.o(.ARM.Collect$$rtentry$$0000000D)
    __rt_entry_postli_1                      0x0800027f   Thumb Code     0  __rtentry2.o(.ARM.Collect$$rtentry$$0000000C)
    __rt_exit                                0x08000287   Thumb Code     0  rtexit.o(.ARM.Collect$$rtexit$$00000000)
    __rt_exit_ls                             0x08000289   Thumb Code     0  rtexit2.o(.ARM.Collect$$rtexit$$00000003)
    __rt_exit_prels_1                        0x08000289   Thumb Code     0  rtexit2.o(.ARM.Collect$$rtexit$$00000002)
    __rt_exit_exit                           0x0800028d   Thumb Code     0  rtexit2.o(.ARM.Collect$$rtexit$$00000004)
    rand                                     0x08000295   Thumb Code    48  rand.o(.emb_text)
    Reset_Handler                            0x080002c9   Thumb Code     8  startup_stm32f429xx.o(.text)
    ADC_IRQHandler                           0x080002e3   Thumb Code     0  startup_stm32f429xx.o(.text)
    CAN1_RX0_IRQHandler                      0x080002e3   Thumb Code     0  startup_stm32f429xx.o(.text)
    CAN1_RX1_IRQHandler                      0x080002e3   Thumb Code     0  startup_stm32f429xx.o(.text)
    CAN1_SCE_IRQHandler                      0x080002e3   Thumb Code     0  startup_stm32f429xx.o(.text)
    CAN1_TX_IRQHandler                       0x080002e3   Thumb Code     0  startup_stm32f429xx.o(.text)
    CAN2_RX0_IRQHandler                      0x080002e3   Thumb Code     0  startup_stm32f429xx.o(.text)
    CAN2_RX1_IRQHandler                      0x080002e3   Thumb Code     0  startup_stm32f429xx.o(.text)
    CAN2_SCE_IRQHandler                      0x080002e3   Thumb Code     0  startup_stm32f429xx.o(.text)
    CAN2_TX_IRQHandler                       0x080002e3   Thumb Code     0  startup_stm32f429xx.o(.text)
    DCMI_IRQHandler                          0x080002e3   Thumb Code     0  startup_stm32f429xx.o(.text)
    DMA1_Stream0_IRQHandler                  0x080002e3   Thumb Code     0  startup_stm32f429xx.o(.text)
    DMA1_Stream1_IRQHandler                  0x080002e3   Thumb Code     0  startup_stm32f429xx.o(.text)
    DMA1_Stream2_IRQHandler                  0x080002e3   Thumb Code     0  startup_stm32f429xx.o(.text)
    DMA1_Stream3_IRQHandler                  0x080002e3   Thumb Code     0  startup_stm32f429xx.o(.text)
    DMA1_Stream4_IRQHandler                  0x080002e3   Thumb Code     0  startup_stm32f429xx.o(.text)
    DMA1_Stream5_IRQHandler                  0x080002e3   Thumb Code     0  startup_stm32f429xx.o(.text)
    DMA1_Stream6_IRQHandler                  0x080002e3   Thumb Code     0  startup_stm32f429xx.o(.text)
    DMA1_Stream7_IRQHandler                  0x080002e3   Thumb Code     0  startup_stm32f429xx.o(.text)
    DMA2D_IRQHandler                         0x080002e3   Thumb Code     0  startup_stm32f429xx.o(.text)
    DMA2_Stream0_IRQHandler                  0x080002e3   Thumb Code     0  startup_stm32f429xx.o(.text)
    DMA2_Stream1_IRQHandler                  0x080002e3   Thumb Code     0  startup_stm32f429xx.o(.text)
    DMA2_Stream2_IRQHandler                  0x080002e3   Thumb Code     0  startup_stm32f429xx.o(.text)
    DMA2_Stream3_IRQHandler                  0x080002e3   Thumb Code     0  startup_stm32f429xx.o(.text)
    DMA2_Stream4_IRQHandler                  0x080002e3   Thumb Code     0  startup_stm32f429xx.o(.text)
    DMA2_Stream5_IRQHandler                  0x080002e3   Thumb Code     0  startup_stm32f429xx.o(.text)
    DMA2_Stream6_IRQHandler                  0x080002e3   Thumb Code     0  startup_stm32f429xx.o(.text)
    DMA2_Stream7_IRQHandler                  0x080002e3   Thumb Code     0  startup_stm32f429xx.o(.text)
    ETH_IRQHandler                           0x080002e3   Thumb Code     0  startup_stm32f429xx.o(.text)
    ETH_WKUP_IRQHandler                      0x080002e3   Thumb Code     0  startup_stm32f429xx.o(.text)
    EXTI0_IRQHandler                         0x080002e3   Thumb Code     0  startup_stm32f429xx.o(.text)
    EXTI15_10_IRQHandler                     0x080002e3   Thumb Code     0  startup_stm32f429xx.o(.text)
    EXTI1_IRQHandler                         0x080002e3   Thumb Code     0  startup_stm32f429xx.o(.text)
    EXTI2_IRQHandler                         0x080002e3   Thumb Code     0  startup_stm32f429xx.o(.text)
    EXTI3_IRQHandler                         0x080002e3   Thumb Code     0  startup_stm32f429xx.o(.text)
    EXTI4_IRQHandler                         0x080002e3   Thumb Code     0  startup_stm32f429xx.o(.text)
    EXTI9_5_IRQHandler                       0x080002e3   Thumb Code     0  startup_stm32f429xx.o(.text)
    FLASH_IRQHandler                         0x080002e3   Thumb Code     0  startup_stm32f429xx.o(.text)
    FMC_IRQHandler                           0x080002e3   Thumb Code     0  startup_stm32f429xx.o(.text)
    FPU_IRQHandler                           0x080002e3   Thumb Code     0  startup_stm32f429xx.o(.text)
    HASH_RNG_IRQHandler                      0x080002e3   Thumb Code     0  startup_stm32f429xx.o(.text)
    I2C1_ER_IRQHandler                       0x080002e3   Thumb Code     0  startup_stm32f429xx.o(.text)
    I2C1_EV_IRQHandler                       0x080002e3   Thumb Code     0  startup_stm32f429xx.o(.text)
    I2C2_ER_IRQHandler                       0x080002e3   Thumb Code     0  startup_stm32f429xx.o(.text)
    I2C2_EV_IRQHandler                       0x080002e3   Thumb Code     0  startup_stm32f429xx.o(.text)
    I2C3_ER_IRQHandler                       0x080002e3   Thumb Code     0  startup_stm32f429xx.o(.text)
    I2C3_EV_IRQHandler                       0x080002e3   Thumb Code     0  startup_stm32f429xx.o(.text)
    LTDC_ER_IRQHandler                       0x080002e3   Thumb Code     0  startup_stm32f429xx.o(.text)
    LTDC_IRQHandler                          0x080002e3   Thumb Code     0  startup_stm32f429xx.o(.text)
    OTG_FS_IRQHandler                        0x080002e3   Thumb Code     0  startup_stm32f429xx.o(.text)
    OTG_FS_WKUP_IRQHandler                   0x080002e3   Thumb Code     0  startup_stm32f429xx.o(.text)
    OTG_HS_EP1_IN_IRQHandler                 0x080002e3   Thumb Code     0  startup_stm32f429xx.o(.text)
    OTG_HS_EP1_OUT_IRQHandler                0x080002e3   Thumb Code     0  startup_stm32f429xx.o(.text)
    OTG_HS_IRQHandler                        0x080002e3   Thumb Code     0  startup_stm32f429xx.o(.text)
    OTG_HS_WKUP_IRQHandler                   0x080002e3   Thumb Code     0  startup_stm32f429xx.o(.text)
    PVD_IRQHandler                           0x080002e3   Thumb Code     0  startup_stm32f429xx.o(.text)
    RCC_IRQHandler                           0x080002e3   Thumb Code     0  startup_stm32f429xx.o(.text)
    RTC_Alarm_IRQHandler                     0x080002e3   Thumb Code     0  startup_stm32f429xx.o(.text)
    RTC_WKUP_IRQHandler                      0x080002e3   Thumb Code     0  startup_stm32f429xx.o(.text)
    SAI1_IRQHandler                          0x080002e3   Thumb Code     0  startup_stm32f429xx.o(.text)
    SDIO_IRQHandler                          0x080002e3   Thumb Code     0  startup_stm32f429xx.o(.text)
    SPI1_IRQHandler                          0x080002e3   Thumb Code     0  startup_stm32f429xx.o(.text)
    SPI2_IRQHandler                          0x080002e3   Thumb Code     0  startup_stm32f429xx.o(.text)
    SPI3_IRQHandler                          0x080002e3   Thumb Code     0  startup_stm32f429xx.o(.text)
    SPI4_IRQHandler                          0x080002e3   Thumb Code     0  startup_stm32f429xx.o(.text)
    SPI5_IRQHandler                          0x080002e3   Thumb Code     0  startup_stm32f429xx.o(.text)
    SPI6_IRQHandler                          0x080002e3   Thumb Code     0  startup_stm32f429xx.o(.text)
    TAMP_STAMP_IRQHandler                    0x080002e3   Thumb Code     0  startup_stm32f429xx.o(.text)
    TIM1_BRK_TIM9_IRQHandler                 0x080002e3   Thumb Code     0  startup_stm32f429xx.o(.text)
    TIM1_CC_IRQHandler                       0x080002e3   Thumb Code     0  startup_stm32f429xx.o(.text)
    TIM1_TRG_COM_TIM11_IRQHandler            0x080002e3   Thumb Code     0  startup_stm32f429xx.o(.text)
    TIM1_UP_TIM10_IRQHandler                 0x080002e3   Thumb Code     0  startup_stm32f429xx.o(.text)
    TIM2_IRQHandler                          0x080002e3   Thumb Code     0  startup_stm32f429xx.o(.text)
    TIM3_IRQHandler                          0x080002e3   Thumb Code     0  startup_stm32f429xx.o(.text)
    TIM4_IRQHandler                          0x080002e3   Thumb Code     0  startup_stm32f429xx.o(.text)
    TIM5_IRQHandler                          0x080002e3   Thumb Code     0  startup_stm32f429xx.o(.text)
    TIM6_DAC_IRQHandler                      0x080002e3   Thumb Code     0  startup_stm32f429xx.o(.text)
    TIM7_IRQHandler                          0x080002e3   Thumb Code     0  startup_stm32f429xx.o(.text)
    TIM8_BRK_TIM12_IRQHandler                0x080002e3   Thumb Code     0  startup_stm32f429xx.o(.text)
    TIM8_CC_IRQHandler                       0x080002e3   Thumb Code     0  startup_stm32f429xx.o(.text)
    TIM8_TRG_COM_TIM14_IRQHandler            0x080002e3   Thumb Code     0  startup_stm32f429xx.o(.text)
    TIM8_UP_TIM13_IRQHandler                 0x080002e3   Thumb Code     0  startup_stm32f429xx.o(.text)
    UART4_IRQHandler                         0x080002e3   Thumb Code     0  startup_stm32f429xx.o(.text)
    UART5_IRQHandler                         0x080002e3   Thumb Code     0  startup_stm32f429xx.o(.text)
    UART7_IRQHandler                         0x080002e3   Thumb Code     0  startup_stm32f429xx.o(.text)
    UART8_IRQHandler                         0x080002e3   Thumb Code     0  startup_stm32f429xx.o(.text)
    USART1_IRQHandler                        0x080002e3   Thumb Code     0  startup_stm32f429xx.o(.text)
    USART2_IRQHandler                        0x080002e3   Thumb Code     0  startup_stm32f429xx.o(.text)
    USART3_IRQHandler                        0x080002e3   Thumb Code     0  startup_stm32f429xx.o(.text)
    USART6_IRQHandler                        0x080002e3   Thumb Code     0  startup_stm32f429xx.o(.text)
    WWDG_IRQHandler                          0x080002e3   Thumb Code     0  startup_stm32f429xx.o(.text)
    __user_initial_stackheap                 0x080002e5   Thumb Code     0  startup_stm32f429xx.o(.text)
    __aeabi_uldivmod                         0x08000309   Thumb Code     0  lludivv7m.o(.text)
    _ll_udiv                                 0x08000309   Thumb Code   238  lludivv7m.o(.text)
    srand                                    0x080003f9   Thumb Code    42  rand.o(.text)
    _rand_init                               0x08000423   Thumb Code     4  rand.o(.text)
    __aeabi_memset                           0x08000435   Thumb Code    16  aeabi_memset.o(.text)
    __use_two_region_memory                  0x08000445   Thumb Code     2  heapauxi.o(.text)
    __rt_heap_escrow$2region                 0x08000447   Thumb Code     2  heapauxi.o(.text)
    __rt_heap_expand$2region                 0x08000449   Thumb Code     2  heapauxi.o(.text)
    __cpp_initialize__aeabi_                 0x0800044d   Thumb Code    26  init_aeabi.o(.text)
    __aeabi_memclr                           0x08000471   Thumb Code     0  rt_memclr.o(.text)
    __rt_memclr                              0x08000471   Thumb Code    68  rt_memclr.o(.text)
    _memset                                  0x08000475   Thumb Code     0  rt_memclr.o(.text)
    __aeabi_memclr4                          0x080004b5   Thumb Code     0  rt_memclr_w.o(.text)
    __aeabi_memclr8                          0x080004b5   Thumb Code     0  rt_memclr_w.o(.text)
    __rt_memclr_w                            0x080004b5   Thumb Code    78  rt_memclr_w.o(.text)
    _memset_w                                0x080004b9   Thumb Code     0  rt_memclr_w.o(.text)
    __user_setup_stackheap                   0x08000503   Thumb Code    74  sys_stackheap_outer.o(.text)
    exit                                     0x0800054d   Thumb Code    18  exit.o(.text)
    __user_libspace                          0x08000561   Thumb Code     8  libspace.o(.text)
    __user_perproc_libspace                  0x08000561   Thumb Code     0  libspace.o(.text)
    __user_perthread_libspace                0x08000561   Thumb Code     0  libspace.o(.text)
    _sys_exit                                0x08000569   Thumb Code     8  sys_exit.o(.text)
    __I$use$semihosting                      0x08000575   Thumb Code     0  use_no_semi.o(.text)
    __use_no_semihosting_swi                 0x08000575   Thumb Code     2  use_no_semi.o(.text)
    BusFault_Handler                         0x08000577   Thumb Code     2  hal_it.o(i.BusFault_Handler)
    __semihosting_library_function           0x08000577   Thumb Code     0  indicate_semi.o(.text)
    DebugMon_Handler                         0x08000579   Thumb Code     2  hal_it.o(i.DebugMon_Handler)
    FMC_NORSRAM_Extended_Timing_Init         0x0800057d   Thumb Code    70  stm32f4xx_ll_fmc.o(i.FMC_NORSRAM_Extended_Timing_Init)
    FMC_NORSRAM_Init                         0x080005c9   Thumb Code   108  stm32f4xx_ll_fmc.o(i.FMC_NORSRAM_Init)
    FMC_NORSRAM_Timing_Init                  0x08000639   Thumb Code    94  stm32f4xx_ll_fmc.o(i.FMC_NORSRAM_Timing_Init)
    HAL_DAC_ConfigChannel                    0x0800069d   Thumb Code    82  stm32f4xx_hal_dac.o(i.HAL_DAC_ConfigChannel)
    HAL_DAC_Init                             0x080006ef   Thumb Code    40  stm32f4xx_hal_dac.o(i.HAL_DAC_Init)
    HAL_DAC_MspInit                          0x08000717   Thumb Code     2  stm32f4xx_hal_dac.o(i.HAL_DAC_MspInit)
    HAL_DAC_SetValue                         0x08000719   Thumb Code    32  stm32f4xx_hal_dac.o(i.HAL_DAC_SetValue)
    HAL_DAC_Start                            0x08000739   Thumb Code   106  stm32f4xx_hal_dac.o(i.HAL_DAC_Start)
    HAL_DMA2D_ConfigLayer                    0x080007a5   Thumb Code   172  stm32f4xx_hal_dma2d.o(i.HAL_DMA2D_ConfigLayer)
    HAL_DMA2D_Init                           0x08000855   Thumb Code    90  stm32f4xx_hal_dma2d.o(i.HAL_DMA2D_Init)
    HAL_DMA2D_MspInit                        0x080008af   Thumb Code     2  stm32f4xx_hal_dma2d.o(i.HAL_DMA2D_MspInit)
    HAL_DMA2D_PollForTransfer                0x080008b1   Thumb Code   330  stm32f4xx_hal_dma2d.o(i.HAL_DMA2D_PollForTransfer)
    HAL_DMA2D_Start                          0x080009fb   Thumb Code    58  stm32f4xx_hal_dma2d.o(i.HAL_DMA2D_Start)
    HAL_GPIO_Init                            0x08000a35   Thumb Code   524  stm32f4xx_hal_gpio.o(i.HAL_GPIO_Init)
    HAL_GPIO_WritePin                        0x08000c59   Thumb Code    10  stm32f4xx_hal_gpio.o(i.HAL_GPIO_WritePin)
    HAL_GetTick                              0x08000c65   Thumb Code     6  stm32f4xx_hal.o(i.HAL_GetTick)
    HAL_IncTick                              0x08000c71   Thumb Code    12  stm32f4xx_hal.o(i.HAL_IncTick)
    HAL_Init                                 0x08000c81   Thumb Code    48  stm32f4xx_hal.o(i.HAL_Init)
    HAL_InitTick                             0x08000cb5   Thumb Code    54  stm32f4xx_hal.o(i.HAL_InitTick)
    HAL_LTDC_ConfigCLUT                      0x08000cf5   Thumb Code   146  stm32f4xx_hal_ltdc.o(i.HAL_LTDC_ConfigCLUT)
    HAL_LTDC_ConfigLayer                     0x08000d87   Thumb Code    88  stm32f4xx_hal_ltdc.o(i.HAL_LTDC_ConfigLayer)
    HAL_LTDC_EnableCLUT                      0x08000ddf   Thumb Code    64  stm32f4xx_hal_ltdc.o(i.HAL_LTDC_EnableCLUT)
    HAL_LTDC_Init                            0x08000e21   Thumb Code   252  stm32f4xx_hal_ltdc.o(i.HAL_LTDC_Init)
    HAL_LTDC_MspInit                         0x08000f21   Thumb Code     2  stm32f4xx_hal_ltdc.o(i.HAL_LTDC_MspInit)
    HAL_MspInit                              0x08000f23   Thumb Code    88  hal_.o(i.HAL_MspInit)
    HAL_NVIC_SetPriority                     0x08000f7d   Thumb Code    96  stm32f4xx_hal_cortex.o(i.HAL_NVIC_SetPriority)
    HAL_NVIC_SetPriorityGrouping             0x08000fe1   Thumb Code    30  stm32f4xx_hal_cortex.o(i.HAL_NVIC_SetPriorityGrouping)
    HAL_RCCEx_PeriphCLKConfig                0x08001005   Thumb Code   614  stm32f4xx_hal_rcc_ex.o(i.HAL_RCCEx_PeriphCLKConfig)
    HAL_RCC_ClockConfig                      0x08001299   Thumb Code   324  stm32f4xx_hal_rcc.o(i.HAL_RCC_ClockConfig)
    HAL_RCC_GetSysClockFreq                  0x080013f5   Thumb Code    98  stm32f4xx_hal_rcc.o(i.HAL_RCC_GetSysClockFreq)
    HAL_RCC_OscConfig                        0x08001469   Thumb Code   990  stm32f4xx_hal_rcc.o(i.HAL_RCC_OscConfig)
    HAL_SRAM_Init                            0x0800186d   Thumb Code    86  stm32f4xx_hal_sram.o(i.HAL_SRAM_Init)
    HAL_SRAM_MspInit                         0x080018c3   Thumb Code     2  stm32f4xx_hal_sram.o(i.HAL_SRAM_MspInit)
    HAL_SYSTICK_Config                       0x080018c5   Thumb Code    38  stm32f4xx_hal_cortex.o(i.HAL_SYSTICK_Config)
    HardFault_Handler                        0x080018f1   Thumb Code     2  hal_it.o(i.HardFault_Handler)
    MemManage_Handler                        0x080018f3   Thumb Code     2  hal_it.o(i.MemManage_Handler)
    NMI_Handler                              0x080018f5   Thumb Code     2  hal_it.o(i.NMI_Handler)
    PendSV_Handler                           0x080018f7   Thumb Code     2  hal_it.o(i.PendSV_Handler)
    SVC_Handler                              0x080018f9   Thumb Code     2  hal_it.o(i.SVC_Handler)
    SysTick_Handler                          0x080018fb   Thumb Code     4  hal_it.o(i.SysTick_Handler)
    SystemInit                               0x08001901   Thumb Code    20  system_stm32f4xx.o(i.SystemInit)
    UsageFault_Handler                       0x0800191d   Thumb Code     2  hal_it.o(i.UsageFault_Handler)
    HAL::ErrorHandler(const char*, int)      0x08001b7f   Thumb Code     2  hal_.o(i._ZN3HAL12ErrorHandlerEPKci)
    HAL::ConfigSystemClock()                 0x08001b81   Thumb Code   186  hal_.o(i._ZN3HAL17ConfigSystemClockEv)
    HAL::EnablePeripherals()                 0x08001c45   Thumb Code   514  hal_.o(i._ZN3HAL17EnablePeripheralsEv)
    HAL::Init()                              0x08001e59   Thumb Code    36  hal_.o(i._ZN3HAL4InitEv)
    Pin::Init()                              0x08001e7d   Thumb Code   214  hal_pins_.o(i._ZN3Pin4InitEv)
    Color::ResetFlash()                      0x08001f61   Thumb Code     2  colors_.o(i._ZN5Color10ResetFlashEv)
    Device::Init()                           0x08001f63   Thumb Code    14  device.o(i._ZN6Device4InitEv)
    Device::Update()                         0x08001f71   Thumb Code     4  device.o(i._ZN6Device6UpdateEv)
    Display::Init()                          0x08001f75   Thumb Code    24  display.o(i._ZN7Display4InitEv)
    Display::Update()                        0x08001f95   Thumb Code    60  display.o(i._ZN7Display6UpdateEv)
    HAL_FMC::Init()                          0x08001fd9   Thumb Code    68  hal_fmc_.o(i._ZN7HAL_FMC4InitEv)
    HAL_DAC1::Init()                         0x08002031   Thumb Code   108  hal_dac1_.o(i._ZN8HAL_DAC14InitEv)
    HAL_LTDC::LoadPalette()                  0x080020c5   Thumb Code    50  hal_ltdc_.o(i._ZN8HAL_LTDC11LoadPaletteEv)
    HAL_LTDC::ToggleBuffers()                0x08002121   Thumb Code   122  hal_ltdc_.o(i._ZN8HAL_LTDC13ToggleBuffersEv)
    HAL_LTDC::Init(unsigned char*, unsigned char*) 0x080021c5   Thumb Code   214  hal_ltdc_.o(i._ZN8HAL_LTDC4InitEPhS0_)
    HAL_PINS::FMC_::Init()                   0x080022d1   Thumb Code   958  hal_pins_.o(i._ZN8HAL_PINS4FMC_4InitEv)
    HAL_PINS::Init()                         0x08002691   Thumb Code  1308  hal_pins_.o(i._ZN8HAL_PINS4InitEv)
    main                                     0x08002ca9   Thumb Code    10  main.o(i.main)
    _fp_init                                 0x08002cb3   Thumb Code    10  fpinit.o(x$fpl$fpinit)
    __fplib_config_fpu_vfp                   0x08002cbb   Thumb Code     0  fpinit.o(x$fpl$fpinit)
    __fplib_config_pureend_doubles           0x08002cbb   Thumb Code     0  fpinit.o(x$fpl$fpinit)
    AHBPrescTable                            0x08002cbc   Data          16  system_stm32f4xx.o(.constdata)
    HAL_FMC::ADDR_RAM_DISPLAY_FRONT          0x08002ccc   Data           4  hal_.o(.constdata)
    Region$$Table$$Base                      0x08002d28   Number         0  anon$$obj.o(Region$$Table)
    Region$$Table$$Limit                     0x08002d58   Number         0  anon$$obj.o(Region$$Table)
    SHT$$INIT_ARRAY$$Base                    0x08002d58   Number         0  hal_pins_.o(.init_array)
    SHT$$INIT_ARRAY$$Limit                   0x08002d64   Number         0  init_aeabi.o(.init_array)
    uwTickFreq                               0x20000000   Data           1  stm32f4xx_hal.o(.data)
    uwTickPrio                               0x20000004   Data           4  stm32f4xx_hal.o(.data)
    uwTick                                   0x20000008   Data           4  stm32f4xx_hal.o(.data)
    SystemCoreClock                          0x2000000c   Data           4  system_stm32f4xx.o(.data)
    Pin::SPI4_CS1                            0x2000006c   Data           3  hal_pins_.o(.data)
    Pin::SPI4_CS2                            0x2000006f   Data           3  hal_pins_.o(.data)
    Pin::SPI4_CLK                            0x20000072   Data           3  hal_pins_.o(.data)
    Pin::SPI4_DAT                            0x20000075   Data           3  hal_pins_.o(.data)
    Pin::LED                                 0x20000078   Data           3  hal_pins_.o(.data)
    Pin::DisplayReady                        0x2000007b   Data           3  hal_pins_.o(.data)
    Color::BLACK                             0x20000144   Data           1  colors_.o(.data)
    Color::WHITE                             0x20000145   Data           1  colors_.o(.data)
    Color::GRID                              0x20000146   Data           1  colors_.o(.data)
    Color::DATA_A                            0x20000147   Data           1  colors_.o(.data)
    Color::DATA_B                            0x20000148   Data           1  colors_.o(.data)
    Color::MENU_FIELD                        0x20000149   Data           1  colors_.o(.data)
    Color::MENU_TITLE                        0x2000014a   Data           1  colors_.o(.data)
    Color::MENU_TITLE_DARK                   0x2000014b   Data           1  colors_.o(.data)
    Color::MENU_TITLE_BRIGHT                 0x2000014c   Data           1  colors_.o(.data)
    Color::MENU_ITEM                         0x2000014d   Data           1  colors_.o(.data)
    Color::MENU_ITEM_DARK                    0x2000014e   Data           1  colors_.o(.data)
    Color::MENU_ITEM_BRIGHT                  0x2000014f   Data           1  colors_.o(.data)
    Color::MENU_SHADOW                       0x20000150   Data           1  colors_.o(.data)
    Color::EMPTY                             0x20000151   Data           1  colors_.o(.data)
    Color::EMPTY_A                           0x20000152   Data           1  colors_.o(.data)
    Color::EMPTY_B                           0x20000153   Data           1  colors_.o(.data)
    Color::FLASH_10                          0x20000154   Data           1  colors_.o(.data)
    Color::FLASH_01                          0x20000155   Data           1  colors_.o(.data)
    Color::FILL                              0x20000156   Data           1  colors_.o(.data)
    Color::BACK                              0x20000157   Data           1  colors_.o(.data)
    Color::current                           0x20000158   Data           1  colors_.o(.data)
    display_back_buffer                      0x2000015c   Data           4  display.o(.data)
    display_back_buffer_end                  0x20000164   Data           4  display.o(.data)
    _random_number_data                      0x20012e10   Data         228  rand.o(.bss)
    __libspace_start                         0x20012ef4   Data          96  libspace.o(.bss)
    __temporary_stack_top$libspace           0x20012f54   Data           0  libspace.o(.bss)



==============================================================================

Memory Map of the image

  Image Entry point : 0x080001ad

  Load Region LR_IROM1 (Base: 0x08000000, Size: 0x00002ecc, Max: 0x00200000, ABSOLUTE, COMPRESSED[0x00002db0])

    Execution Region ER_IROM1 (Exec base: 0x08000000, Load base: 0x08000000, Size: 0x00002d64, Max: 0x00200000, ABSOLUTE)

    Exec Addr    Load Addr    Size         Type   Attr      Idx    E Section Name        Object

    0x08000000   0x08000000   0x000001ac   Data   RO         2891    RESET               startup_stm32f429xx.o
    0x080001ac   0x080001ac   0x00000008   Code   RO         3783  * !!!main             c_w.l(__main.o)
    0x080001b4   0x080001b4   0x00000034   Code   RO         3964    !!!scatter          c_w.l(__scatter.o)
    0x080001e8   0x080001e8   0x0000005a   Code   RO         3962    !!dczerorl2         c_w.l(__dczerorl2.o)
    0x08000242   0x08000242   0x00000002   PAD
    0x08000244   0x08000244   0x0000001c   Code   RO         3966    !!handler_zi        c_w.l(__scatter_zi.o)
    0x08000260   0x08000260   0x00000002   Code   RO         3883    .ARM.Collect$$libinit$$00000000  c_w.l(libinit.o)
    0x08000262   0x08000262   0x00000004   Code   RO         3798    .ARM.Collect$$libinit$$00000001  c_w.l(libinit2.o)
    0x08000266   0x08000266   0x00000000   Code   RO         3801    .ARM.Collect$$libinit$$00000004  c_w.l(libinit2.o)
    0x08000266   0x08000266   0x00000000   Code   RO         3804    .ARM.Collect$$libinit$$0000000A  c_w.l(libinit2.o)
    0x08000266   0x08000266   0x00000000   Code   RO         3806    .ARM.Collect$$libinit$$0000000C  c_w.l(libinit2.o)
    0x08000266   0x08000266   0x00000004   Code   RO         3807    .ARM.Collect$$libinit$$0000000D  c_w.l(libinit2.o)
    0x0800026a   0x0800026a   0x00000000   Code   RO         3808    .ARM.Collect$$libinit$$0000000E  c_w.l(libinit2.o)
    0x0800026a   0x0800026a   0x00000000   Code   RO         3811    .ARM.Collect$$libinit$$00000011  c_w.l(libinit2.o)
    0x0800026a   0x0800026a   0x00000000   Code   RO         3813    .ARM.Collect$$libinit$$00000013  c_w.l(libinit2.o)
    0x0800026a   0x0800026a   0x00000000   Code   RO         3815    .ARM.Collect$$libinit$$00000015  c_w.l(libinit2.o)
    0x0800026a   0x0800026a   0x00000000   Code   RO         3817    .ARM.Collect$$libinit$$00000017  c_w.l(libinit2.o)
    0x0800026a   0x0800026a   0x00000000   Code   RO         3819    .ARM.Collect$$libinit$$00000019  c_w.l(libinit2.o)
    0x0800026a   0x0800026a   0x00000000   Code   RO         3821    .ARM.Collect$$libinit$$0000001B  c_w.l(libinit2.o)
    0x0800026a   0x0800026a   0x00000000   Code   RO         3823    .ARM.Collect$$libinit$$0000001D  c_w.l(libinit2.o)
    0x0800026a   0x0800026a   0x00000000   Code   RO         3825    .ARM.Collect$$libinit$$0000001F  c_w.l(libinit2.o)
    0x0800026a   0x0800026a   0x00000000   Code   RO         3827    .ARM.Collect$$libinit$$00000021  c_w.l(libinit2.o)
    0x0800026a   0x0800026a   0x00000000   Code   RO         3829    .ARM.Collect$$libinit$$00000023  c_w.l(libinit2.o)
    0x0800026a   0x0800026a   0x00000000   Code   RO         3831    .ARM.Collect$$libinit$$00000025  c_w.l(libinit2.o)
    0x0800026a   0x0800026a   0x00000000   Code   RO         3835    .ARM.Collect$$libinit$$0000002C  c_w.l(libinit2.o)
    0x0800026a   0x0800026a   0x00000000   Code   RO         3837    .ARM.Collect$$libinit$$0000002E  c_w.l(libinit2.o)
    0x0800026a   0x0800026a   0x00000000   Code   RO         3839    .ARM.Collect$$libinit$$00000030  c_w.l(libinit2.o)
    0x0800026a   0x0800026a   0x00000004   Code   RO         3840    .ARM.Collect$$libinit$$00000031  c_w.l(libinit2.o)
    0x0800026e   0x0800026e   0x00000000   Code   RO         3841    .ARM.Collect$$libinit$$00000032  c_w.l(libinit2.o)
    0x0800026e   0x0800026e   0x00000002   Code   RO         3842    .ARM.Collect$$libinit$$00000033  c_w.l(libinit2.o)
    0x08000270   0x08000270   0x00000002   Code   RO         3927    .ARM.Collect$$libshutdown$$00000000  c_w.l(libshutdown.o)
    0x08000272   0x08000272   0x00000000   Code   RO         3943    .ARM.Collect$$libshutdown$$00000002  c_w.l(libshutdown2.o)
    0x08000272   0x08000272   0x00000000   Code   RO         3945    .ARM.Collect$$libshutdown$$00000004  c_w.l(libshutdown2.o)
    0x08000272   0x08000272   0x00000000   Code   RO         3947    .ARM.Collect$$libshutdown$$00000006  c_w.l(libshutdown2.o)
    0x08000272   0x08000272   0x00000000   Code   RO         3950    .ARM.Collect$$libshutdown$$00000009  c_w.l(libshutdown2.o)
    0x08000272   0x08000272   0x00000000   Code   RO         3953    .ARM.Collect$$libshutdown$$0000000C  c_w.l(libshutdown2.o)
    0x08000272   0x08000272   0x00000000   Code   RO         3955    .ARM.Collect$$libshutdown$$0000000E  c_w.l(libshutdown2.o)
    0x08000272   0x08000272   0x00000000   Code   RO         3958    .ARM.Collect$$libshutdown$$00000011  c_w.l(libshutdown2.o)
    0x08000272   0x08000272   0x00000002   Code   RO         3959    .ARM.Collect$$libshutdown$$00000012  c_w.l(libshutdown2.o)
    0x08000274   0x08000274   0x00000000   Code   RO         3791    .ARM.Collect$$rtentry$$00000000  c_w.l(__rtentry.o)
    0x08000274   0x08000274   0x00000000   Code   RO         3844    .ARM.Collect$$rtentry$$00000002  c_w.l(__rtentry2.o)
    0x08000274   0x08000274   0x00000006   Code   RO         3856    .ARM.Collect$$rtentry$$00000004  c_w.l(__rtentry4.o)
    0x0800027a   0x0800027a   0x00000000   Code   RO         3846    .ARM.Collect$$rtentry$$00000009  c_w.l(__rtentry2.o)
    0x0800027a   0x0800027a   0x00000004   Code   RO         3847    .ARM.Collect$$rtentry$$0000000A  c_w.l(__rtentry2.o)
    0x0800027e   0x0800027e   0x00000000   Code   RO         3849    .ARM.Collect$$rtentry$$0000000C  c_w.l(__rtentry2.o)
    0x0800027e   0x0800027e   0x00000008   Code   RO         3850    .ARM.Collect$$rtentry$$0000000D  c_w.l(__rtentry2.o)
    0x08000286   0x08000286   0x00000002   Code   RO         3889    .ARM.Collect$$rtexit$$00000000  c_w.l(rtexit.o)
    0x08000288   0x08000288   0x00000000   Code   RO         3909    .ARM.Collect$$rtexit$$00000002  c_w.l(rtexit2.o)
    0x08000288   0x08000288   0x00000004   Code   RO         3910    .ARM.Collect$$rtexit$$00000003  c_w.l(rtexit2.o)
    0x0800028c   0x0800028c   0x00000006   Code   RO         3911    .ARM.Collect$$rtexit$$00000004  c_w.l(rtexit2.o)
    0x08000292   0x08000292   0x00000002   PAD
    0x08000294   0x08000294   0x00000034   Code   RO         3774    .emb_text           c_w.l(rand.o)
    0x080002c8   0x080002c8   0x00000040   Code   RO         2892    .text               startup_stm32f429xx.o
    0x08000308   0x08000308   0x000000ee   Code   RO         3772    .text               c_w.l(lludivv7m.o)
    0x080003f6   0x080003f6   0x00000002   PAD
    0x080003f8   0x080003f8   0x0000003c   Code   RO         3775    .text               c_w.l(rand.o)
    0x08000434   0x08000434   0x00000010   Code   RO         3779    .text               c_w.l(aeabi_memset.o)
    0x08000444   0x08000444   0x00000006   Code   RO         3781    .text               c_w.l(heapauxi.o)
    0x0800044a   0x0800044a   0x00000002   PAD
    0x0800044c   0x0800044c   0x00000024   Code   RO         3788    .text               c_w.l(init_aeabi.o)
    0x08000470   0x08000470   0x00000044   Code   RO         3796    .text               c_w.l(rt_memclr.o)
    0x080004b4   0x080004b4   0x0000004e   Code   RO         3860    .text               c_w.l(rt_memclr_w.o)
    0x08000502   0x08000502   0x0000004a   Code   RO         3866    .text               c_w.l(sys_stackheap_outer.o)
    0x0800054c   0x0800054c   0x00000012   Code   RO         3868    .text               c_w.l(exit.o)
    0x0800055e   0x0800055e   0x00000002   PAD
    0x08000560   0x08000560   0x00000008   Code   RO         3886    .text               c_w.l(libspace.o)
    0x08000568   0x08000568   0x0000000c   Code   RO         3903    .text               c_w.l(sys_exit.o)
    0x08000574   0x08000574   0x00000002   Code   RO         3905    .text               c_w.l(use_no_semi.o)
    0x08000576   0x08000576   0x00000000   Code   RO         3907    .text               c_w.l(indicate_semi.o)
    0x08000576   0x08000576   0x00000002   Code   RO         3173    i.BusFault_Handler  hal_it.o
    0x08000578   0x08000578   0x00000002   Code   RO         3174    i.DebugMon_Handler  hal_it.o
    0x0800057a   0x0800057a   0x00000002   PAD
    0x0800057c   0x0800057c   0x0000004c   Code   RO         2693    i.FMC_NORSRAM_Extended_Timing_Init  stm32f4xx_ll_fmc.o
    0x080005c8   0x080005c8   0x00000070   Code   RO         2694    i.FMC_NORSRAM_Init  stm32f4xx_ll_fmc.o
    0x08000638   0x08000638   0x00000064   Code   RO         2695    i.FMC_NORSRAM_Timing_Init  stm32f4xx_ll_fmc.o
    0x0800069c   0x0800069c   0x00000052   Code   RO          799    i.HAL_DAC_ConfigChannel  stm32f4xx_hal_dac.o
    0x080006ee   0x080006ee   0x00000028   Code   RO          809    i.HAL_DAC_Init      stm32f4xx_hal_dac.o
    0x08000716   0x08000716   0x00000002   Code   RO          811    i.HAL_DAC_MspInit   stm32f4xx_hal_dac.o
    0x08000718   0x08000718   0x00000020   Code   RO          812    i.HAL_DAC_SetValue  stm32f4xx_hal_dac.o
    0x08000738   0x08000738   0x0000006a   Code   RO          813    i.HAL_DAC_Start     stm32f4xx_hal_dac.o
    0x080007a2   0x080007a2   0x00000002   PAD
    0x080007a4   0x080007a4   0x000000b0   Code   RO         2303    i.HAL_DMA2D_ConfigLayer  stm32f4xx_hal_dma2d.o
    0x08000854   0x08000854   0x0000005a   Code   RO         2311    i.HAL_DMA2D_Init    stm32f4xx_hal_dma2d.o
    0x080008ae   0x080008ae   0x00000002   Code   RO         2314    i.HAL_DMA2D_MspInit  stm32f4xx_hal_dma2d.o
    0x080008b0   0x080008b0   0x0000014a   Code   RO         2315    i.HAL_DMA2D_PollForTransfer  stm32f4xx_hal_dma2d.o
    0x080009fa   0x080009fa   0x0000003a   Code   RO         2318    i.HAL_DMA2D_Start   stm32f4xx_hal_dma2d.o
    0x08000a34   0x08000a34   0x00000224   Code   RO          725    i.HAL_GPIO_Init     stm32f4xx_hal_gpio.o
    0x08000c58   0x08000c58   0x0000000a   Code   RO          729    i.HAL_GPIO_WritePin  stm32f4xx_hal_gpio.o
    0x08000c62   0x08000c62   0x00000002   PAD
    0x08000c64   0x08000c64   0x0000000c   Code   RO           19    i.HAL_GetTick       stm32f4xx_hal.o
    0x08000c70   0x08000c70   0x00000010   Code   RO           25    i.HAL_IncTick       stm32f4xx_hal.o
    0x08000c80   0x08000c80   0x00000034   Code   RO           26    i.HAL_Init          stm32f4xx_hal.o
    0x08000cb4   0x08000cb4   0x00000040   Code   RO           27    i.HAL_InitTick      stm32f4xx_hal.o
    0x08000cf4   0x08000cf4   0x00000092   Code   RO          961    i.HAL_LTDC_ConfigCLUT  stm32f4xx_hal_ltdc.o
    0x08000d86   0x08000d86   0x00000058   Code   RO          964    i.HAL_LTDC_ConfigLayer  stm32f4xx_hal_ltdc.o
    0x08000dde   0x08000dde   0x00000040   Code   RO          972    i.HAL_LTDC_EnableCLUT  stm32f4xx_hal_ltdc.o
    0x08000e1e   0x08000e1e   0x00000002   PAD
    0x08000e20   0x08000e20   0x00000100   Code   RO          981    i.HAL_LTDC_Init     stm32f4xx_hal_ltdc.o
    0x08000f20   0x08000f20   0x00000002   Code   RO          984    i.HAL_LTDC_MspInit  stm32f4xx_hal_ltdc.o
    0x08000f22   0x08000f22   0x00000058   Code   RO         2939    i.HAL_MspInit       hal_.o
    0x08000f7a   0x08000f7a   0x00000002   PAD
    0x08000f7c   0x08000f7c   0x00000064   Code   RO          391    i.HAL_NVIC_SetPriority  stm32f4xx_hal_cortex.o
    0x08000fe0   0x08000fe0   0x00000024   Code   RO          392    i.HAL_NVIC_SetPriorityGrouping  stm32f4xx_hal_cortex.o
    0x08001004   0x08001004   0x00000294   Code   RO          654    i.HAL_RCCEx_PeriphCLKConfig  stm32f4xx_hal_rcc_ex.o
    0x08001298   0x08001298   0x0000015c   Code   RO          533    i.HAL_RCC_ClockConfig  stm32f4xx_hal_rcc.o
    0x080013f4   0x080013f4   0x00000074   Code   RO          542    i.HAL_RCC_GetSysClockFreq  stm32f4xx_hal_rcc.o
    0x08001468   0x08001468   0x00000404   Code   RO          545    i.HAL_RCC_OscConfig  stm32f4xx_hal_rcc.o
    0x0800186c   0x0800186c   0x00000056   Code   RO         2534    i.HAL_SRAM_Init     stm32f4xx_hal_sram.o
    0x080018c2   0x080018c2   0x00000002   Code   RO         2536    i.HAL_SRAM_MspInit  stm32f4xx_hal_sram.o
    0x080018c4   0x080018c4   0x0000002c   Code   RO          396    i.HAL_SYSTICK_Config  stm32f4xx_hal_cortex.o
    0x080018f0   0x080018f0   0x00000002   Code   RO         3175    i.HardFault_Handler  hal_it.o
    0x080018f2   0x080018f2   0x00000002   Code   RO         3176    i.MemManage_Handler  hal_it.o
    0x080018f4   0x080018f4   0x00000002   Code   RO         3177    i.NMI_Handler       hal_it.o
    0x080018f6   0x080018f6   0x00000002   Code   RO         3178    i.PendSV_Handler    hal_it.o
    0x080018f8   0x080018f8   0x00000002   Code   RO         3179    i.SVC_Handler       hal_it.o
    0x080018fa   0x080018fa   0x00000004   Code   RO         3180    i.SysTick_Handler   hal_it.o
    0x080018fe   0x080018fe   0x00000002   PAD
    0x08001900   0x08001900   0x0000001c   Code   RO         2900    i.SystemInit        system_stm32f4xx.o
    0x0800191c   0x0800191c   0x00000002   Code   RO         3181    i.UsageFault_Handler  hal_it.o
    0x0800191e   0x0800191e   0x000001ae   Code   RO         1000    i._Z14LTDC_SetConfigP18LTDC_HandleTypeDefP20LTDC_LayerCfgTypeDefj  stm32f4xx_hal_ltdc.o
    0x08001acc   0x08001acc   0x000000b2   Code   RO         2321    i._Z15DMA2D_SetConfigP21__DMA2D_HandleTypeDefjjjj  stm32f4xx_hal_dma2d.o
    0x08001b7e   0x08001b7e   0x00000002   Code   RO         2941    i._ZN3HAL12ErrorHandlerEPKci  hal_.o
    0x08001b80   0x08001b80   0x000000c4   Code   RO         2942    i._ZN3HAL17ConfigSystemClockEv  hal_.o
    0x08001c44   0x08001c44   0x00000214   Code   RO         2943    i._ZN3HAL17EnablePeripheralsEv  hal_.o
    0x08001e58   0x08001e58   0x00000024   Code   RO         2945    i._ZN3HAL4InitEv    hal_.o
    0x08001e7c   0x08001e7c   0x000000e4   Code   RO         3306    i._ZN3Pin4InitEv    hal_pins_.o
    0x08001f60   0x08001f60   0x00000002   Code   RO         3635    i._ZN5Color10ResetFlashEv  colors_.o
    0x08001f62   0x08001f62   0x0000000e   Code   RO         3469    i._ZN6Device4InitEv  device.o
    0x08001f70   0x08001f70   0x00000004   Code   RO         3470    i._ZN6Device6UpdateEv  device.o
    0x08001f74   0x08001f74   0x00000020   Code   RO         3717    i._ZN7Display4InitEv  display.o
    0x08001f94   0x08001f94   0x00000044   Code   RO         3718    i._ZN7Display6UpdateEv  display.o
    0x08001fd8   0x08001fd8   0x00000058   Code   RO         3419    i._ZN7HAL_FMC4InitEv  hal_fmc_.o
    0x08002030   0x08002030   0x00000094   Code   RO         3138    i._ZN8HAL_DAC14InitEv  hal_dac1_.o
    0x080020c4   0x080020c4   0x0000005c   Code   RO         3261    i._ZN8HAL_LTDC11LoadPaletteEv  hal_ltdc_.o
    0x08002120   0x08002120   0x000000a4   Code   RO         3262    i._ZN8HAL_LTDC13ToggleBuffersEv  hal_ltdc_.o
    0x080021c4   0x080021c4   0x0000010c   Code   RO         3263    i._ZN8HAL_LTDC4InitEPhS0_  hal_ltdc_.o
    0x080022d0   0x080022d0   0x000003be   Code   RO         3310    i._ZN8HAL_PINS4FMC_4InitEv  hal_pins_.o
    0x0800268e   0x0800268e   0x00000002   PAD
    0x08002690   0x08002690   0x0000051c   Code   RO         3311    i._ZN8HAL_PINS4InitEv  hal_pins_.o
    0x08002bac   0x08002bac   0x0000008c   Code   RO         3645    i.__sti___11_Colors__cpp_90c80130  colors_.o
    0x08002c38   0x08002c38   0x0000001c   Code   RO         3720    i.__sti___11_Display_cpp_410c109f  display.o
    0x08002c54   0x08002c54   0x00000054   Code   RO         3317    i.__sti___13_HAL_PINS__cpp_812a263d  hal_pins_.o
    0x08002ca8   0x08002ca8   0x0000000a   Code   RO         3511    i.main              main.o
    0x08002cb2   0x08002cb2   0x0000000a   Code   RO         3864    x$fpl$fpinit        fz_wm.l(fpinit.o)
    0x08002cbc   0x08002cbc   0x00000010   Data   RO         2903    .constdata          system_stm32f4xx.o
    0x08002ccc   0x08002ccc   0x00000004   Data   RO         2960    .constdata          hal_.o
    0x08002cd0   0x08002cd0   0x00000020   Data   RO         3331    .constdata          hal_pins_.o
    0x08002cf0   0x08002cf0   0x00000038   Data   RO         3427    .constdata          hal_fmc_.o
    0x08002d28   0x08002d28   0x00000030   Data   RO         3960    Region$$Table       anon$$obj.o
    0x08002d58   0x08002d58   0x00000004   Data   RO         3333    .init_array         hal_pins_.o
    0x08002d5c   0x08002d58   0x00000004   Data   RO         3658    .init_array         colors_.o
    0x08002d60   0x08002d58   0x00000004   Data   RO         3728    .init_array         display.o
    0x08002d64   0x08002d58   0x00000000   Data   RO         3786    .init_array         c_w.l(init_aeabi.o)


    Execution Region RW_IRAM2 (Exec base: 0x10000000, Load base: 0x08002db0, Size: 0x0000e000, Max: 0x00010000, ABSOLUTE)

    Exec Addr    Load Addr    Size         Type   Attr      Idx    E Section Name        Object

    0x10000000        -       0x0000e000   Zero   RW         2890    HEAP                startup_stm32f429xx.o


    Execution Region RW_IRAM1 (Exec base: 0x20000000, Load base: 0x08002d64, Size: 0x00022f58, Max: 0x00030000, ABSOLUTE, COMPRESSED[0x0000004c])

    Exec Addr    Load Addr    Size         Type   Attr      Idx    E Section Name        Object

    0x20000000   COMPRESSED   0x0000000c   Data   RW           62    .data               stm32f4xx_hal.o
    0x2000000c   COMPRESSED   0x00000004   Data   RW         2905    .data               system_stm32f4xx.o
    0x20000010   COMPRESSED   0x00000014   Data   RW         3142    .data               hal_dac1_.o
    0x20000024   COMPRESSED   0x00000048   Data   RW         3269    .data               hal_ltdc_.o
    0x2000006c   COMPRESSED   0x00000038   Data   RW         3332    .data               hal_pins_.o
    0x200000a4   COMPRESSED   0x000000a0   Data   RW         3428    .data               hal_fmc_.o
    0x20000144   COMPRESSED   0x00000015   Data   RW         3657    .data               colors_.o
    0x20000159   COMPRESSED   0x00000003   PAD
    0x2000015c   COMPRESSED   0x0000000c   Data   RW         3727    .data               display.o
    0x20000168        -       0x000000a8   Zero   RW         3268    .bss                hal_ltdc_.o
    0x20000210        -       0x00012c00   Zero   RW         3726    .bss                display.o
    0x20012e10        -       0x000000e4   Zero   RW         3776    .bss                c_w.l(rand.o)
    0x20012ef4        -       0x00000060   Zero   RW         3887    .bss                c_w.l(libspace.o)
    0x20012f54   COMPRESSED   0x00000004   PAD
    0x20012f58        -       0x00010000   Zero   RW         2889    STACK               startup_stm32f429xx.o


==============================================================================

Image component sizes


      Code (inc. data)   RO Data    RW Data    ZI Data      Debug   Object Name

       142          6          4         21          0       2896   colors_.o
        18          0          0          0          0       1076   device.o
       128         26          4         12      76800       2086   display.o
       854         28          4          0          0     751844   hal_.o
       148         40          0         20          0       1236   hal_dac1_.o
        88         20         56        160          0       1304   hal_fmc_.o
        20          0          0          0          0       6666   hal_it.o
       524        138          0         72        168       2732   hal_ltdc_.o
      2578         28         36         56          0      26795   hal_pins_.o
        10          0          0          0          0        463   main.o
        64         26        428          0     122880        856   startup_stm32f429xx.o
       144         24          0         12          0     750049   stm32f4xx_hal.o
       180         16          0          0          0      33134   stm32f4xx_hal_cortex.o
       262          0          0          0          0       4416   stm32f4xx_hal_dac.o
       834          4          0          0          0       6393   stm32f4xx_hal_dma2d.o
       558         24          0          0          0       2308   stm32f4xx_hal_gpio.o
       986          4          0          0          0       5666   stm32f4xx_hal_ltdc.o
      1492         80          0          0          0       4546   stm32f4xx_hal_rcc.o
       660         46          0          0          0       1768   stm32f4xx_hal_rcc_ex.o
        88          0          0          0          0       1991   stm32f4xx_hal_sram.o
       288         16          0          0          0       3140   stm32f4xx_ll_fmc.o
        28          8         16          4          0       1259   system_stm32f4xx.o

    ----------------------------------------------------------------------
     10108        534        596        360     199848    1612624   Object Totals
         0          0         48          0          0          0   (incl. Generated)
        14          0          0          3          0          0   (incl. Padding)

    ----------------------------------------------------------------------

      Code (inc. data)   RO Data    RW Data    ZI Data      Debug   Library Member Name

        90          0          0          0          0          0   __dczerorl2.o
         8          0          0          0          0         68   __main.o
         0          0          0          0          0          0   __rtentry.o
        12          0          0          0          0          0   __rtentry2.o
         6          0          0          0          0          0   __rtentry4.o
        52          8          0          0          0          0   __scatter.o
        28          0          0          0          0          0   __scatter_zi.o
        16          0          0          0          0         68   aeabi_memset.o
        18          0          0          0          0         80   exit.o
         6          0          0          0          0        152   heapauxi.o
         0          0          0          0          0          0   indicate_semi.o
        36         10          0          0          0         80   init_aeabi.o
         2          0          0          0          0          0   libinit.o
        14          0          0          0          0          0   libinit2.o
         2          0          0          0          0          0   libshutdown.o
         2          0          0          0          0          0   libshutdown2.o
         8          4          0          0         96         68   libspace.o
       238          0          0          0          0        100   lludivv7m.o
       112         18          0          0        228        160   rand.o
        68          0          0          0          0         68   rt_memclr.o
        78          0          0          0          0         80   rt_memclr_w.o
         2          0          0          0          0          0   rtexit.o
        10          0          0          0          0          0   rtexit2.o
        12          4          0          0          0         68   sys_exit.o
        74          0          0          0          0         80   sys_stackheap_outer.o
         2          0          0          0          0         68   use_no_semi.o
        10          0          0          0          0        116   fpinit.o

    ----------------------------------------------------------------------
       916         44          0          0        328       1256   Library Totals
        10          0          0          0          4          0   (incl. Padding)

    ----------------------------------------------------------------------

      Code (inc. data)   RO Data    RW Data    ZI Data      Debug   Library Name

       896         44          0          0        324       1140   c_w.l
        10          0          0          0          0        116   fz_wm.l

    ----------------------------------------------------------------------
       916         44          0          0        328       1256   Library Totals

    ----------------------------------------------------------------------

==============================================================================


      Code (inc. data)   RO Data    RW Data    ZI Data      Debug   

     11024        578        596        360     200176    1607260   Grand Totals
     11024        578        596         76     200176    1607260   ELF Image Totals (compressed)
     11024        578        596         76          0          0   ROM Totals

==============================================================================

    Total RO  Size (Code + RO Data)                11620 (  11.35kB)
    Total RW  Size (RW Data + ZI Data)            200536 ( 195.84kB)
    Total ROM Size (Code + RO Data + RW Data)      11696 (  11.42kB)

==============================================================================

